Archive member included to satisfy reference by file (symbol)

c:/program files (x86)/atmel/studio/7.0/toolchain/arm/arm-gnu-toolchain/bin/../lib/gcc/arm-none-eabi/6.3.1/thumb/v7e-m\libgcc.a(_aeabi_uldivmod.o)
                              src/oled/ssd1306.o (__aeabi_uldivmod)
c:/program files (x86)/atmel/studio/7.0/toolchain/arm/arm-gnu-toolchain/bin/../lib/gcc/arm-none-eabi/6.3.1/thumb/v7e-m\libgcc.a(_udivmoddi4.o)
                              c:/program files (x86)/atmel/studio/7.0/toolchain/arm/arm-gnu-toolchain/bin/../lib/gcc/arm-none-eabi/6.3.1/thumb/v7e-m\libgcc.a(_aeabi_uldivmod.o) (__udivmoddi4)
c:/program files (x86)/atmel/studio/7.0/toolchain/arm/arm-gnu-toolchain/bin/../lib/gcc/arm-none-eabi/6.3.1/thumb/v7e-m\libgcc.a(_dvmd_tls.o)
                              c:/program files (x86)/atmel/studio/7.0/toolchain/arm/arm-gnu-toolchain/bin/../lib/gcc/arm-none-eabi/6.3.1/thumb/v7e-m\libgcc.a(_aeabi_uldivmod.o) (__aeabi_ldiv0)
c:/program files (x86)/atmel/studio/7.0/toolchain/arm/arm-gnu-toolchain/bin/../lib/gcc/arm-none-eabi/6.3.1/../../../../arm-none-eabi/lib/thumb/v7e-m\libc.a(lib_a-exit.o)
                              c:/program files (x86)/atmel/studio/7.0/toolchain/arm/arm-gnu-toolchain/bin/../lib/gcc/arm-none-eabi/6.3.1/../../../../arm-none-eabi/lib/thumb/v7e-m/crt0.o (exit)
c:/program files (x86)/atmel/studio/7.0/toolchain/arm/arm-gnu-toolchain/bin/../lib/gcc/arm-none-eabi/6.3.1/../../../../arm-none-eabi/lib/thumb/v7e-m\libc.a(lib_a-impure.o)
                              c:/program files (x86)/atmel/studio/7.0/toolchain/arm/arm-gnu-toolchain/bin/../lib/gcc/arm-none-eabi/6.3.1/../../../../arm-none-eabi/lib/thumb/v7e-m\libc.a(lib_a-exit.o) (_global_impure_ptr)
c:/program files (x86)/atmel/studio/7.0/toolchain/arm/arm-gnu-toolchain/bin/../lib/gcc/arm-none-eabi/6.3.1/../../../../arm-none-eabi/lib/thumb/v7e-m\libc.a(lib_a-init.o)
                              c:/program files (x86)/atmel/studio/7.0/toolchain/arm/arm-gnu-toolchain/bin/../lib/gcc/arm-none-eabi/6.3.1/../../../../arm-none-eabi/lib/thumb/v7e-m/crt0.o (__libc_init_array)
c:/program files (x86)/atmel/studio/7.0/toolchain/arm/arm-gnu-toolchain/bin/../lib/gcc/arm-none-eabi/6.3.1/../../../../arm-none-eabi/lib/thumb/v7e-m\libc.a(lib_a-memset.o)
                              c:/program files (x86)/atmel/studio/7.0/toolchain/arm/arm-gnu-toolchain/bin/../lib/gcc/arm-none-eabi/6.3.1/../../../../arm-none-eabi/lib/thumb/v7e-m/crt0.o (memset)
c:/program files (x86)/atmel/studio/7.0/toolchain/arm/arm-gnu-toolchain/bin/../lib/gcc/arm-none-eabi/6.3.1/../../../../arm-none-eabi/lib/thumb/v7e-m\libc.a(lib_a-__call_atexit.o)
                              c:/program files (x86)/atmel/studio/7.0/toolchain/arm/arm-gnu-toolchain/bin/../lib/gcc/arm-none-eabi/6.3.1/../../../../arm-none-eabi/lib/thumb/v7e-m\libc.a(lib_a-exit.o) (__call_exitprocs)
c:/program files (x86)/atmel/studio/7.0/toolchain/arm/arm-gnu-toolchain/bin/../lib/gcc/arm-none-eabi/6.3.1/../../../../arm-none-eabi/lib/thumb/v7e-m\libc.a(lib_a-atexit.o)
                              c:/program files (x86)/atmel/studio/7.0/toolchain/arm/arm-gnu-toolchain/bin/../lib/gcc/arm-none-eabi/6.3.1/../../../../arm-none-eabi/lib/thumb/v7e-m\libc.a(lib_a-__call_atexit.o) (atexit)
c:/program files (x86)/atmel/studio/7.0/toolchain/arm/arm-gnu-toolchain/bin/../lib/gcc/arm-none-eabi/6.3.1/../../../../arm-none-eabi/lib/thumb/v7e-m\libc.a(lib_a-fini.o)
                              c:/program files (x86)/atmel/studio/7.0/toolchain/arm/arm-gnu-toolchain/bin/../lib/gcc/arm-none-eabi/6.3.1/../../../../arm-none-eabi/lib/thumb/v7e-m\libc.a(lib_a-__call_atexit.o) (__libc_fini_array)
c:/program files (x86)/atmel/studio/7.0/toolchain/arm/arm-gnu-toolchain/bin/../lib/gcc/arm-none-eabi/6.3.1/../../../../arm-none-eabi/lib/thumb/v7e-m\libc.a(lib_a-lock.o)
                              c:/program files (x86)/atmel/studio/7.0/toolchain/arm/arm-gnu-toolchain/bin/../lib/gcc/arm-none-eabi/6.3.1/../../../../arm-none-eabi/lib/thumb/v7e-m\libc.a(lib_a-__call_atexit.o) (__retarget_lock_acquire_recursive)
c:/program files (x86)/atmel/studio/7.0/toolchain/arm/arm-gnu-toolchain/bin/../lib/gcc/arm-none-eabi/6.3.1/../../../../arm-none-eabi/lib/thumb/v7e-m\libc.a(lib_a-__atexit.o)
                              c:/program files (x86)/atmel/studio/7.0/toolchain/arm/arm-gnu-toolchain/bin/../lib/gcc/arm-none-eabi/6.3.1/../../../../arm-none-eabi/lib/thumb/v7e-m\libc.a(lib_a-atexit.o) (__register_exitproc)

Allocating common symbols
Common symbol       size              file

__lock___atexit_recursive_mutex
                    0x1               c:/program files (x86)/atmel/studio/7.0/toolchain/arm/arm-gnu-toolchain/bin/../lib/gcc/arm-none-eabi/6.3.1/../../../../arm-none-eabi/lib/thumb/v7e-m\libc.a(lib_a-lock.o)
__lock___arc4random_mutex
[...]
Memory Configuration

Name             Origin             Length             Attributes
rom              0x00400000         0x00200000         xr
ram              0x20400000         0x00060000         xrw
*default*        0x00000000         0xffffffff

Linker script and memory map

LOAD c:/program files (x86)/atmel/studio/7.0/toolchain/arm/arm-gnu-toolchain/bin/../lib/gcc/arm-none-eabi/6.3.1/thumb/v7e-m/crti.o
LOAD c:/program files (x86)/atmel/studio/7.0/toolchain/arm/arm-gnu-toolchain/bin/../lib/gcc/arm-none-eabi/6.3.1/thumb/v7e-m/crtbegin.o
LOAD c:/program files (x86)/atmel/studio/7.0/toolchain/arm/arm-gnu-toolchain/bin/../lib/gcc/arm-none-eabi/6.3.1/../../../../arm-none-eabi/lib/thumb/v7e-m/crt0.o
LOAD src/ASF/sam/drivers/rtt/rtt.o
LOAD src/ASF/sam/drivers/spi/spi.o
LOAD src/oled/gfx_mono_framebuffer.o
LOAD src/oled/gfx_mono_generic.o
LOAD src/oled/gfx_mono_text.o
LOAD src/oled/gfx_mono_ug_2832hsweg04.o
LOAD src/oled/ssd1306.o
LOAD src/oled/sysfont.o
LOAD src/ASF/common/services/delay/sam/cycle_counter.o
LOAD src/ASF/common/services/clock/same70/sysclk.o
LOAD src/ASF/common/utils/interrupt/interrupt_sam_nvic.o
LOAD src/ASF/sam/boards/same70_xplained/init.o
LOAD src/ASF/sam/drivers/mpu/mpu.o
LOAD src/ASF/sam/drivers/pio/pio.o
LOAD src/ASF/sam/drivers/pio/pio_handler.o
LOAD src/ASF/sam/drivers/pmc/pmc.o
LOAD src/ASF/sam/drivers/pmc/sleep.o
LOAD src/ASF/sam/utils/cmsis/same70/source/templates/gcc/startup_same70.o
LOAD src/ASF/sam/utils/cmsis/same70/source/templates/system_same70.o
LOAD src/ASF/sam/utils/syscalls/gcc/syscalls.o
LOAD src/main.o
START GROUP
LOAD ../src/ASF/thirdparty/CMSIS/Lib/GCC\libarm_cortexM7lfsp_math_softfp.a
LOAD c:/program files (x86)/atmel/studio/7.0/toolchain/arm/arm-gnu-toolchain/bin/../lib/gcc/arm-none-eabi/6.3.1/../../../../arm-none-eabi/lib/thumb/v7e-m\libm.a
END GROUP
START GROUP
LOAD c:/program files (x86)/atmel/studio/7.0/toolchain/arm/arm-gnu-toolchain/bin/../lib/gcc/arm-none-eabi/6.3.1/thumb/v7e-m\libgcc.a
LOAD c:/program files (x86)/atmel/studio/7.0/toolchain/arm/arm-gnu-toolchain/bin/../lib/gcc/arm-none-eabi/6.3.1/../../../../arm-none-eabi/lib/thumb/v7e-m\libc.a
END GROUP
LOAD c:/program files (x86)/atmel/studio/7.0/toolchain/arm/arm-gnu-toolchain/bin/../lib/gcc/arm-none-eabi/6.3.1/thumb/v7e-m/crtend.o
LOAD c:/program files (x86)/atmel/studio/7.0/toolchain/arm/arm-gnu-toolchain/bin/../lib/gcc/arm-none-eabi/6.3.1/thumb/v7e-m/crtn.o
                0x00002000                STACK_SIZE = DEFINED (STACK_SIZE)?STACK_SIZE:0x2000
                0x2045fffc                __ram_end__ = ((ORIGIN (ram) + LENGTH (ram)) - 0x4)
                0x00000200                HEAP_SIZE = DEFINED (HEAP_SIZE)?HEAP_SIZE:0x200

.text           0x00400000     0x3928
                0x00400000                . = ALIGN (0x4)
                0x00400000                _sfixed = .
 *(.vectors .vectors.*)
 .vectors       0x00400000      0x140 src/ASF/sam/utils/cmsis/same70/source/templates/gcc/startup_same70.o
                0x00400000                exception_table
 *(.text .text.* .gnu.linkonce.t.*)
 .text          0x00400140       0x6c c:/program files (x86)/atmel/studio/7.0/toolchain/arm/arm-gnu-toolchain/bin/../lib/gcc/arm-none-eabi/6.3.1/thumb/v7e-m/crtbegin.o
 .text.rtt_get_status
                0x004001ac       0x18 src/ASF/sam/drivers/rtt/rtt.o
                0x004001ac                rtt_get_status
 .text.spi_get_peripheral_select_mode
                0x004001c4       0x26 src/ASF/sam/drivers/spi/spi.o
 *fill*         0x004001ea        0x2 
 .text.sysclk_enable_peripheral_clock
                0x004001ec       0x1c src/ASF/sam/drivers/spi/spi.o
 .text.spi_enable_clock
                0x00400208       0x3c src/ASF/sam/drivers/spi/spi.o
                0x00400208                spi_enable_clock
 .text.spi_set_peripheral_chip_select_value
                0x00400244       0x34 src/ASF/sam/drivers/spi/spi.o
                0x00400244                spi_set_peripheral_chip_select_value
 .text.spi_write
                0x00400278       0x80 src/ASF/sam/drivers/spi/spi.o
                0x00400278                spi_write
 .text.spi_set_clock_polarity
                0x004002f8       0x50 src/ASF/sam/drivers/spi/spi.o
                0x004002f8                spi_set_clock_polarity
 .text.spi_set_clock_phase
                0x00400348       0x50 src/ASF/sam/drivers/spi/spi.o
                0x00400348                spi_set_clock_phase
 .text.spi_configure_cs_behavior
                0x00400398       0xa6 src/ASF/sam/drivers/spi/spi.o
                0x00400398                spi_configure_cs_behavior
 .text.spi_set_bits_per_transfer
                0x0040043e       0x4a src/ASF/sam/drivers/spi/spi.o
                0x0040043e                spi_set_bits_per_transfer
 .text.spi_calc_baudrate_div
                0x00400488       0x3c src/ASF/sam/drivers/spi/spi.o
                0x00400488                spi_calc_baudrate_div
 .text.spi_set_baudrate_div
                0x004004c4       0x5e src/ASF/sam/drivers/spi/spi.o
                0x004004c4                spi_set_baudrate_div
 *fill*         0x00400522        0x2 
 .text.gfx_mono_set_framebuffer
                0x00400524       0x20 src/oled/gfx_mono_framebuffer.o
                0x00400524                gfx_mono_set_framebuffer
 .text.gfx_mono_framebuffer_put_byte
                0x00400544       0x38 src/oled/gfx_mono_framebuffer.o
                0x00400544                gfx_mono_framebuffer_put_byte
 .text.gfx_mono_framebuffer_get_byte
                0x0040057c       0x34 src/oled/gfx_mono_framebuffer.o
                0x0040057c                gfx_mono_framebuffer_get_byte
 .text.ssd1306_set_page_address
                0x004005b0       0x2c src/oled/gfx_mono_ug_2832hsweg04.o
 .text.ssd1306_set_column_address
                0x004005dc       0x40 src/oled/gfx_mono_ug_2832hsweg04.o
 .text.ssd1306_set_display_start_line_address
                0x0040061c       0x2c src/oled/gfx_mono_ug_2832hsweg04.o
 .text.gfx_mono_ssd1306_init
                0x00400648       0x64 src/oled/gfx_mono_ug_2832hsweg04.o
                0x00400648                gfx_mono_ssd1306_init
 .text.gfx_mono_ssd1306_put_byte
                0x004006ac       0x84 src/oled/gfx_mono_ug_2832hsweg04.o
                0x004006ac                gfx_mono_ssd1306_put_byte
 .text.osc_get_rate
                0x00400730       0x74 src/oled/ssd1306.o
 .text.sysclk_get_main_hz
                0x004007a4       0x20 src/oled/ssd1306.o
 .text.sysclk_get_cpu_hz
                0x004007c4       0x14 src/oled/ssd1306.o
 .text.sysclk_get_peripheral_hz
                0x004007d8       0x14 src/oled/ssd1306.o
 .text.ioport_enable_pin
                0x004007ec       0x4c src/oled/ssd1306.o
 .text.ioport_set_pin_mode
                0x00400838      0x11c src/oled/ssd1306.o
 .text.ioport_set_pin_dir
                0x00400954       0x88 src/oled/ssd1306.o
 .text.ioport_set_pin_level
                0x004009dc       0x6c src/oled/ssd1306.o
 .text.spi_reset
                0x00400a48       0x1a src/oled/ssd1306.o
 .text.spi_enable
                0x00400a62       0x1a src/oled/ssd1306.o
 .text.spi_disable
                0x00400a7c       0x1a src/oled/ssd1306.o
 .text.spi_set_master_mode
                0x00400a96       0x20 src/oled/ssd1306.o
 .text.spi_set_fixed_peripheral_select
                0x00400ab6       0x20 src/oled/ssd1306.o
 .text.spi_disable_mode_fault_detect
                0x00400ad6       0x20 src/oled/ssd1306.o
 .text.spi_disable_loopback
                0x00400af6       0x20 src/oled/ssd1306.o
 *fill*         0x00400b16        0x2 
 .text.ssd1306_hard_reset
                0x00400b18       0x54 src/oled/ssd1306.o
 .text.ssd1306_display_on
                0x00400b6c       0x14 src/oled/ssd1306.o
 .text.ssd1306_set_contrast
                0x00400b80       0x28 src/oled/ssd1306.o
 .text.ssd1306_display_invert_disable
                0x00400ba8       0x14 src/oled/ssd1306.o
 .text.ssd1306_interface_init
                0x00400bbc      0x180 src/oled/ssd1306.o
 .text.ssd1306_init
                0x00400d3c       0xb0 src/oled/ssd1306.o
                0x00400d3c                ssd1306_init
 .text.ssd1306_write_command
                0x00400dec       0xa4 src/oled/ssd1306.o
                0x00400dec                ssd1306_write_command
 .text.ssd1306_write_data
                0x00400e90       0xa4 src/oled/ssd1306.o
                0x00400e90                ssd1306_write_data
 .text.osc_enable
                0x00400f34       0x88 src/ASF/common/services/clock/same70/sysclk.o
 .text.osc_is_ready
                0x00400fbc       0x70 src/ASF/common/services/clock/same70/sysclk.o
 .text.osc_get_rate
                0x0040102c       0x74 src/ASF/common/services/clock/same70/sysclk.o
 .text.osc_wait_ready
                0x004010a0       0x2c src/ASF/common/services/clock/same70/sysclk.o
 .text.pll_config_init
                0x004010cc       0x6c src/ASF/common/services/clock/same70/sysclk.o
 .text.pll_enable
                0x00401138       0x40 src/ASF/common/services/clock/same70/sysclk.o
 .text.pll_is_locked
                0x00401178       0x2c src/ASF/common/services/clock/same70/sysclk.o
 .text.pll_enable_source
                0x004011a4       0x38 src/ASF/common/services/clock/same70/sysclk.o
 .text.pll_wait_for_lock
                0x004011dc       0x24 src/ASF/common/services/clock/same70/sysclk.o
 .text.sysclk_get_main_hz
                0x00401200       0x20 src/ASF/common/services/clock/same70/sysclk.o
 .text.sysclk_get_cpu_hz
                0x00401220       0x14 src/ASF/common/services/clock/same70/sysclk.o
 .text.sysclk_init
                0x00401234       0x7c src/ASF/common/services/clock/same70/sysclk.o
                0x00401234                sysclk_init
 .text.SCB_EnableICache
                0x004012b0       0x38 src/ASF/sam/boards/same70_xplained/init.o
 .text.SCB_EnableDCache
                0x004012e8       0xa4 src/ASF/sam/boards/same70_xplained/init.o
 .text.sysclk_enable_peripheral_clock
                0x0040138c       0x1c src/ASF/sam/boards/same70_xplained/init.o
 .text.ioport_init
                0x004013a8       0x2c src/ASF/sam/boards/same70_xplained/init.o
 .text.ioport_set_pin_mode
                0x004013d4      0x11c src/ASF/sam/boards/same70_xplained/init.o
 .text.ioport_set_pin_dir
                0x004014f0       0x88 src/ASF/sam/boards/same70_xplained/init.o
 .text.ioport_set_pin_level
                0x00401578       0x6c src/ASF/sam/boards/same70_xplained/init.o
 .text.ioport_set_pin_sense_mode
                0x004015e4       0xd0 src/ASF/sam/boards/same70_xplained/init.o
 .text.tcm_disable
                0x004016b4       0x44 src/ASF/sam/boards/same70_xplained/init.o
 .text.board_init
                0x004016f8       0x84 src/ASF/sam/boards/same70_xplained/init.o
                0x004016f8                board_init
 .text.pio_pull_up
                0x0040177c       0x2c src/ASF/sam/drivers/pio/pio.o
                0x0040177c                pio_pull_up
 .text.pio_set  0x004017a8       0x1c src/ASF/sam/drivers/pio/pio.o
                0x004017a8                pio_set
 .text.pio_clear
                0x004017c4       0x1c src/ASF/sam/drivers/pio/pio.o
                0x004017c4                pio_clear
 .text.pio_set_peripheral
                0x004017e0      0x110 src/ASF/sam/drivers/pio/pio.o
                0x004017e0                pio_set_peripheral
 .text.pio_set_input
                0x004018f0       0x80 src/ASF/sam/drivers/pio/pio.o
                0x004018f0                pio_set_input
 .text.pio_set_output
                0x00401970       0x64 src/ASF/sam/drivers/pio/pio.o
                0x00401970                pio_set_output
 .text.pio_configure
                0x004019d4       0xcc src/ASF/sam/drivers/pio/pio.o
                0x004019d4                pio_configure
 .text.pio_configure_interrupt
                0x00401aa0       0x6c src/ASF/sam/drivers/pio/pio.o
                0x00401aa0                pio_configure_interrupt
 .text.pio_enable_interrupt
                0x00401b0c       0x1c src/ASF/sam/drivers/pio/pio.o
                0x00401b0c                pio_enable_interrupt
 .text.pio_disable_interrupt
                0x00401b28       0x1c src/ASF/sam/drivers/pio/pio.o
                0x00401b28                pio_disable_interrupt
 .text.pio_get_interrupt_status
                0x00401b44       0x18 src/ASF/sam/drivers/pio/pio.o
                0x00401b44                pio_get_interrupt_status
 .text.pio_get_interrupt_mask
                0x00401b5c       0x18 src/ASF/sam/drivers/pio/pio.o
                0x00401b5c                pio_get_interrupt_mask
 .text.pio_handler_process
                0x00401b74       0xb4 src/ASF/sam/drivers/pio/pio_handler.o
                0x00401b74                pio_handler_process
 .text.pio_handler_set
                0x00401c28       0xa0 src/ASF/sam/drivers/pio/pio_handler.o
                0x00401c28                pio_handler_set
 .text.PIOA_Handler
                0x00401cc8       0x18 src/ASF/sam/drivers/pio/pio_handler.o
                0x00401cc8                PIOA_Handler
 .text.PIOB_Handler
                0x00401ce0       0x18 src/ASF/sam/drivers/pio/pio_handler.o
                0x00401ce0                PIOB_Handler
 .text.PIOC_Handler
                0x00401cf8       0x18 src/ASF/sam/drivers/pio/pio_handler.o
                0x00401cf8                PIOC_Handler
 .text.PIOD_Handler
                0x00401d10       0x18 src/ASF/sam/drivers/pio/pio_handler.o
                0x00401d10                PIOD_Handler
 .text.PIOE_Handler
                0x00401d28       0x18 src/ASF/sam/drivers/pio/pio_handler.o
                0x00401d28                PIOE_Handler
 .text.pmc_mck_set_division
                0x00401d40       0x7c src/ASF/sam/drivers/pmc/pmc.o
                0x00401d40                pmc_mck_set_division
 .text.pmc_switch_mck_to_pllack
                0x00401dbc       0x84 src/ASF/sam/drivers/pmc/pmc.o
                0x00401dbc                pmc_switch_mck_to_pllack
 .text.pmc_switch_sclk_to_32kxtal
                0x00401e40       0x38 src/ASF/sam/drivers/pmc/pmc.o
                0x00401e40                pmc_switch_sclk_to_32kxtal
 .text.pmc_osc_is_ready_32kxtal
                0x00401e78       0x34 src/ASF/sam/drivers/pmc/pmc.o
                0x00401e78                pmc_osc_is_ready_32kxtal
 .text.pmc_switch_mainck_to_fastrc
                0x00401eac       0x70 src/ASF/sam/drivers/pmc/pmc.o
                0x00401eac                pmc_switch_mainck_to_fastrc
 .text.pmc_switch_mainck_to_xtal
                0x00401f1c       0x78 src/ASF/sam/drivers/pmc/pmc.o
                0x00401f1c                pmc_switch_mainck_to_xtal
 .text.pmc_osc_is_ready_mainck
                0x00401f94       0x1c src/ASF/sam/drivers/pmc/pmc.o
                0x00401f94                pmc_osc_is_ready_mainck
 .text.pmc_disable_pllack
                0x00401fb0       0x1c src/ASF/sam/drivers/pmc/pmc.o
                0x00401fb0                pmc_disable_pllack
 .text.pmc_is_locked_pllack
                0x00401fcc       0x1c src/ASF/sam/drivers/pmc/pmc.o
                0x00401fcc                pmc_is_locked_pllack
 .text.pmc_is_locked_upll
                0x00401fe8       0x1c src/ASF/sam/drivers/pmc/pmc.o
                0x00401fe8                pmc_is_locked_upll
 .text.pmc_enable_periph_clk
                0x00402004       0x84 src/ASF/sam/drivers/pmc/pmc.o
                0x00402004                pmc_enable_periph_clk
 .text.pmc_set_flash_in_wait_mode
                0x00402088       0x20 src/ASF/sam/drivers/pmc/pmc.o
                0x00402088                pmc_set_flash_in_wait_mode
 .text.pmc_enable_waitmode
                0x004020a8       0x90 src/ASF/sam/drivers/pmc/pmc.o
                0x004020a8                pmc_enable_waitmode
 .text.pmc_sleep
                0x00402138      0x398 src/ASF/sam/drivers/pmc/sleep.o
                0x00402138                pmc_sleep
 .text.cpu_irq_save
                0x004024d0       0x38 src/ASF/sam/utils/cmsis/same70/source/templates/gcc/startup_same70.o
 .text.cpu_irq_is_enabled_flags
                0x00402508       0x20 src/ASF/sam/utils/cmsis/same70/source/templates/gcc/startup_same70.o
 .text.cpu_irq_restore
                0x00402528       0x30 src/ASF/sam/utils/cmsis/same70/source/templates/gcc/startup_same70.o
 .text.Reset_Handler
                0x00402558       0xb0 src/ASF/sam/utils/cmsis/same70/source/templates/gcc/startup_same70.o
                0x00402558                Reset_Handler
 .text.Dummy_Handler
                0x00402608        0x6 src/ASF/sam/utils/cmsis/same70/source/templates/gcc/startup_same70.o
                0x00402608                DACC_Handler
                0x00402608                DebugMon_Handler
                0x00402608                UART3_Handler
                0x00402608                UART2_Handler
                0x00402608                TRNG_Handler
                0x00402608                HardFault_Handler
                0x00402608                TC2_Handler
                0x00402608                SysTick_Handler
                0x00402608                AFEC1_Handler
                0x00402608                PendSV_Handler
                0x00402608                NMI_Handler
                0x00402608                TC7_Handler
                0x00402608                QSPI_Handler
                0x00402608                ISI_Handler
                0x00402608                TC9_Handler
                0x00402608                RSWDT_Handler
                0x00402608                MCAN1_Handler
                0x00402608                USART0_Handler
                0x00402608                USBHS_Handler
                0x00402608                RTC_Handler
                0x00402608                UsageFault_Handler
                0x00402608                TC6_Handler
                0x00402608                WDT_Handler
                0x00402608                TC4_Handler
                0x00402608                TC1_Handler
                0x00402608                HSMCI_Handler
                0x00402608                UART1_Handler
                0x00402608                TC3_Handler
                0x00402608                Dummy_Handler
                0x00402608                TWIHS1_Handler
                0x00402608                XDMAC_Handler
                0x00402608                UART4_Handler
                0x00402608                PWM1_Handler
                0x00402608                USART1_Handler
                0x00402608                PWM0_Handler
                0x00402608                AFEC0_Handler
                0x00402608                TC11_Handler
                0x00402608                SSC_Handler
                0x00402608                ACC_Handler
                0x00402608                PMC_Handler
                0x00402608                GMAC_Handler
                0x00402608                MemManage_Handler
                0x00402608                SUPC_Handler
                0x00402608                SVC_Handler
                0x00402608                TC8_Handler
                0x00402608                EFC_Handler
                0x00402608                USART2_Handler
                0x00402608                SDRAMC_Handler
                0x00402608                SPI1_Handler
                0x00402608                MCAN0_Handler
                0x00402608                TC10_Handler
                0x00402608                TWIHS2_Handler
                0x00402608                UART0_Handler
                0x00402608                BusFault_Handler
                0x00402608                RSTC_Handler
                0x00402608                TC0_Handler
                0x00402608                TC5_Handler
                0x00402608                AES_Handler
                0x00402608                ICM_Handler
                0x00402608                TWIHS0_Handler
                0x00402608                SPI0_Handler
 *fill*         0x0040260e        0x2 
 .text.SystemCoreClockUpdate
                0x00402610      0x168 src/ASF/sam/utils/cmsis/same70/source/templates/system_same70.o
                0x00402610                SystemCoreClockUpdate
 .text.system_init_flash
                0x00402778       0xb0 src/ASF/sam/utils/cmsis/same70/source/templates/system_same70.o
                0x00402778                system_init_flash
 .text.NVIC_EnableIRQ
                0x00402828       0x34 src/main.o
 .text.NVIC_SetPriority
                0x0040285c       0x54 src/main.o
 .text.osc_get_rate
                0x004028b0       0x74 src/main.o
 .text.sysclk_get_main_hz
                0x00402924       0x20 src/main.o
 .text.sysclk_get_cpu_hz
                0x00402944       0x14 src/main.o
 .text.pisca_led_1
                0x00402958      0x15c src/main.o
                0x00402958                pisca_led_1
 .text.pisca_led_2
                0x00402ab4      0x160 src/main.o
                0x00402ab4                pisca_led_2
 .text.pisca_led_3
                0x00402c14      0x15c src/main.o
                0x00402c14                pisca_led_3
 .text.LED_init
                0x00402d70       0x68 src/main.o
                0x00402d70                LED_init
 .text.BUT_init
                0x00402dd8      0x100 src/main.o
                0x00402dd8                BUT_init
 .text.Button1_Handler
                0x00402ed8       0x18 src/main.o
                0x00402ed8                Button1_Handler
 .text.Button2_Handler
                0x00402ef0       0x18 src/main.o
                0x00402ef0                Button2_Handler
 .text.Button3_Handler
                0x00402f08       0x18 src/main.o
                0x00402f08                Button3_Handler
 .text.RTT_Handler
                0x00402f20       0x44 src/main.o
                0x00402f20                RTT_Handler
 .text.genius_play
                0x00402f64       0x90 src/main.o
                0x00402f64                genius_play
 .text.user_play
                0x00402ff4      0x3e4 src/main.o
                0x00402ff4                user_play
 .text.main     0x004033d8       0x90 src/main.o
                0x004033d8                main
 .text          0x00403468       0x30 c:/program files (x86)/atmel/studio/7.0/toolchain/arm/arm-gnu-toolchain/bin/../lib/gcc/arm-none-eabi/6.3.1/thumb/v7e-m\libgcc.a(_aeabi_uldivmod.o)
                0x00403468                __aeabi_uldivmod
 .text          0x00403498      0x2dc c:/program files (x86)/atmel/studio/7.0/toolchain/arm/arm-gnu-toolchain/bin/../lib/gcc/arm-none-eabi/6.3.1/thumb/v7e-m\libgcc.a(_udivmoddi4.o)
                0x00403498                __udivmoddi4
 .text          0x00403774        0x4 c:/program files (x86)/atmel/studio/7.0/toolchain/arm/arm-gnu-toolchain/bin/../lib/gcc/arm-none-eabi/6.3.1/thumb/v7e-m\libgcc.a(_dvmd_tls.o)
                0x00403774                __aeabi_idiv0
                0x00403774                __aeabi_ldiv0
 .text.__libc_init_array
                0x00403778       0x50 c:/program files (x86)/atmel/studio/7.0/toolchain/arm/arm-gnu-toolchain/bin/../lib/gcc/arm-none-eabi/6.3.1/../../../../arm-none-eabi/lib/thumb/v7e-m\libc.a(lib_a-init.o)
                0x00403778                __libc_init_array
 .text.startup.register_fini
                0x004037c8       0x14 c:/program files (x86)/atmel/studio/7.0/toolchain/arm/arm-gnu-toolchain/bin/../lib/gcc/arm-none-eabi/6.3.1/../../../../arm-none-eabi/lib/thumb/v7e-m\libc.a(lib_a-__call_atexit.o)
 .text.atexit   0x004037dc        0xc c:/program files (x86)/atmel/studio/7.0/toolchain/arm/arm-gnu-toolchain/bin/../lib/gcc/arm-none-eabi/6.3.1/../../../../arm-none-eabi/lib/thumb/v7e-m\libc.a(lib_a-atexit.o)
                0x004037dc                atexit
 .text.__libc_fini_array
                0x004037e8       0x34 c:/program files (x86)/atmel/studio/7.0/toolchain/arm/arm-gnu-toolchain/bin/../lib/gcc/arm-none-eabi/6.3.1/../../../../arm-none-eabi/lib/thumb/v7e-m\libc.a(lib_a-fini.o)
                0x004037e8                __libc_fini_array
 .text.__retarget_lock_acquire_recursive
                0x0040381c        0x4 c:/program files (x86)/atmel/studio/7.0/toolchain/arm/arm-gnu-toolchain/bin/../lib/gcc/arm-none-eabi/6.3.1/../../../../arm-none-eabi/lib/thumb/v7e-m\libc.a(lib_a-lock.o)
                0x0040381c                __retarget_lock_acquire_recursive
 .text.__retarget_lock_release_recursive
                0x00403820        0x4 c:/program files (x86)/atmel/studio/7.0/toolchain/arm/arm-gnu-toolchain/bin/../lib/gcc/arm-none-eabi/6.3.1/../../../../arm-none-eabi/lib/thumb/v7e-m\libc.a(lib_a-lock.o)
                0x00403820                __retarget_lock_release_recursive
 .text.__register_exitproc
                0x00403824       0xc4 c:/program files (x86)/atmel/studio/7.0/toolchain/arm/arm-gnu-toolchain/bin/../lib/gcc/arm-none-eabi/6.3.1/../../../../arm-none-eabi/lib/thumb/v7e-m\libc.a(lib_a-__atexit.o)
                0x00403824                __register_exitproc
 *(.glue_7t)
 .glue_7t       0x004038e8        0x0 linker stubs
 *(.glue_7)
 .glue_7        0x004038e8        0x0 linker stubs
 *(.rodata .rodata* .gnu.linkonce.r.*)
 .rodata        0x004038e8       0x18 src/main.o
 .rodata._global_impure_ptr
                0x00403900        0x4 c:/program files (x86)/atmel/studio/7.0/toolchain/arm/arm-gnu-toolchain/bin/../lib/gcc/arm-none-eabi/6.3.1/../../../../arm-none-eabi/lib/thumb/v7e-m\libc.a(lib_a-impure.o)
                0x00403900                _global_impure_ptr
 *(.ARM.extab* .gnu.linkonce.armextab.*)
                0x00403904                . = ALIGN (0x4)
 *(.init)
 .init          0x00403904        0x4 c:/program files (x86)/atmel/studio/7.0/toolchain/arm/arm-gnu-toolchain/bin/../lib/gcc/arm-none-eabi/6.3.1/thumb/v7e-m/crti.o
                0x00403904                _init
 .init          0x00403908        0x8 c:/program files (x86)/atmel/studio/7.0/toolchain/arm/arm-gnu-toolchain/bin/../lib/gcc/arm-none-eabi/6.3.1/thumb/v7e-m/crtn.o
                0x00403910                . = ALIGN (0x4)
                0x00403910                __preinit_array_start = .
 *(.preinit_array)
                0x00403910                __preinit_array_end = .
                0x00403910                . = ALIGN (0x4)
                0x00403910                __init_array_start = .
 *(SORT(.init_array.*))
 .init_array.00000
                0x00403910        0x4 c:/program files (x86)/atmel/studio/7.0/toolchain/arm/arm-gnu-toolchain/bin/../lib/gcc/arm-none-eabi/6.3.1/../../../../arm-none-eabi/lib/thumb/v7e-m\libc.a(lib_a-__call_atexit.o)
 *(.init_array)
 .init_array    0x00403914        0x4 c:/program files (x86)/atmel/studio/7.0/toolchain/arm/arm-gnu-toolchain/bin/../lib/gcc/arm-none-eabi/6.3.1/thumb/v7e-m/crtbegin.o
                0x00403918                __init_array_end = .
                0x00403918                . = ALIGN (0x4)
 *crtbegin.o(.ctors)
 *(EXCLUDE_FILE(*crtend.o) .ctors)
 *(SORT(.ctors.*))
 *crtend.o(.ctors)
                0x00403918                . = ALIGN (0x4)
 *(.fini)
 .fini          0x00403918        0x4 c:/program files (x86)/atmel/studio/7.0/toolchain/arm/arm-gnu-toolchain/bin/../lib/gcc/arm-none-eabi/6.3.1/thumb/v7e-m/crti.o
                0x00403918                _fini
 .fini          0x0040391c        0x8 c:/program files (x86)/atmel/studio/7.0/toolchain/arm/arm-gnu-toolchain/bin/../lib/gcc/arm-none-eabi/6.3.1/thumb/v7e-m/crtn.o
                0x00403924                . = ALIGN (0x4)
                0x00403924                __fini_array_start = .
 *(.fini_array)
 .fini_array    0x00403924        0x4 c:/program files (x86)/atmel/studio/7.0/toolchain/arm/arm-gnu-toolchain/bin/../lib/gcc/arm-none-eabi/6.3.1/thumb/v7e-m/crtbegin.o
 *(SORT(.fini_array.*))
                0x00403928                __fini_array_end = .
 *crtbegin.o(.dtors)
 *(EXCLUDE_FILE(*crtend.o) .dtors)
 *(SORT(.dtors.*))
 *crtend.o(.dtors)
                0x00403928                . = ALIGN (0x4)
                0x00403928                _efixed = .
                [!provide]                PROVIDE (__exidx_start, .)

.vfp11_veneer   0x00403928        0x0
 .vfp11_veneer  0x00403928        0x0 linker stubs

.v4_bx          0x00403928        0x0
 .v4_bx         0x00403928        0x0 linker stubs

.iplt           0x00403928        0x0
 .iplt          0x00403928        0x0 c:/program files (x86)/atmel/studio/7.0/toolchain/arm/arm-gnu-toolchain/bin/../lib/gcc/arm-none-eabi/6.3.1/thumb/v7e-m/crtbegin.o

.ARM.exidx      0x00403928        0x8
 *(.ARM.exidx* .gnu.linkonce.armexidx.*)
 .ARM.exidx     0x00403928        0x8 c:/program files (x86)/atmel/studio/7.0/toolchain/arm/arm-gnu-toolchain/bin/../lib/gcc/arm-none-eabi/6.3.1/thumb/v7e-m\libgcc.a(_udivmoddi4.o)
                [!provide]                PROVIDE (__exidx_end, .)

.eh_frame       0x00403930        0x0
 .eh_frame      0x00403930        0x0 c:/program files (x86)/atmel/studio/7.0/toolchain/arm/arm-gnu-toolchain/bin/../lib/gcc/arm-none-eabi/6.3.1/thumb/v7e-m/crtbegin.o

.rel.dyn        0x00403930        0x0
 .rel.iplt      0x00403930        0x0 c:/program files (x86)/atmel/studio/7.0/toolchain/arm/arm-gnu-toolchain/bin/../lib/gcc/arm-none-eabi/6.3.1/thumb/v7e-m/crtbegin.o

.jcr            0x00403930        0x0
 .jcr           0x00403930        0x0 c:/program files (x86)/atmel/studio/7.0/toolchain/arm/arm-gnu-toolchain/bin/../lib/gcc/arm-none-eabi/6.3.1/thumb/v7e-m/crtbegin.o

.igot.plt       0x00403930        0x0
 .igot.plt      0x00403930        0x0 c:/program files (x86)/atmel/studio/7.0/toolchain/arm/arm-gnu-toolchain/bin/../lib/gcc/arm-none-eabi/6.3.1/thumb/v7e-m/crtbegin.o
                0x00403930                . = ALIGN (0x4)
                0x00403930                _etext = .

.relocate       0x20400000      0x444 load address 0x00403930
                0x20400000                . = ALIGN (0x4)
                0x20400000                _srelocate = .
 *(.ramfunc .ramfunc.*)
 .ramfunc       0x20400000        0xa src/ASF/common/services/delay/sam/cycle_counter.o
                0x20400000                portable_delay_cycles
 *(.data .data.*)
 .data.g_interrupt_enabled
                0x2040000a        0x1 src/ASF/common/utils/interrupt/interrupt_sam_nvic.o
                0x2040000a                g_interrupt_enabled
 *fill*         0x2040000b        0x1 
 .data.ul_flash_in_wait_mode
                0x2040000c        0x4 src/ASF/sam/drivers/pmc/pmc.o
 .data.SystemCoreClock
                0x20400010        0x4 src/ASF/sam/utils/cmsis/same70/source/templates/system_same70.o
                0x20400010                SystemCoreClock
 *fill*         0x20400014        0x4 
 .data.impure_data
                0x20400018      0x428 c:/program files (x86)/atmel/studio/7.0/toolchain/arm/arm-gnu-toolchain/bin/../lib/gcc/arm-none-eabi/6.3.1/../../../../arm-none-eabi/lib/thumb/v7e-m\libc.a(lib_a-impure.o)
 .data.__atexit_recursive_mutex
                0x20400440        0x4 c:/program files (x86)/atmel/studio/7.0/toolchain/arm/arm-gnu-toolchain/bin/../lib/gcc/arm-none-eabi/6.3.1/../../../../arm-none-eabi/lib/thumb/v7e-m\libc.a(lib_a-__call_atexit.o)
                0x20400440                __atexit_recursive_mutex
                0x20400444                . = ALIGN (0x4)
                0x20400444                _erelocate = .

.bss            0x20400444      0x2d4 load address 0x00403d74
                0x20400444                . = ALIGN (0x4)
                0x20400444                _sbss = .
                0x20400444                _szero = .
 *(.bss .bss.*)
 .bss           0x20400444       0x1c c:/program files (x86)/atmel/studio/7.0/toolchain/arm/arm-gnu-toolchain/bin/../lib/gcc/arm-none-eabi/6.3.1/thumb/v7e-m/crtbegin.o
 .bss.fbpointer
                0x20400460        0x4 src/oled/gfx_mono_framebuffer.o
 .bss.framebuffer
                0x20400464      0x200 src/oled/gfx_mono_ug_2832hsweg04.o
 .bss.gs_interrupt_sources
                0x20400664       0x70 src/ASF/sam/drivers/pio/pio_handler.o
 .bss.gs_ul_nb_sources
                0x204006d4        0x4 src/ASF/sam/drivers/pio/pio_handler.o
 .bss.b_is_sleep_clock_used
                0x204006d8        0x1 src/ASF/sam/drivers/pmc/sleep.o
 *fill*         0x204006d9        0x3 
 .bss.callback_clocks_restored
                0x204006dc        0x4 src/ASF/sam/drivers/pmc/sleep.o
 .bss.f_rtt_alarme
                0x204006e0        0x4 src/main.o
                0x204006e0                f_rtt_alarme
 .bss.but_flag_1
                0x204006e4        0x4 src/main.o
                0x204006e4                but_flag_1
 .bss.but_flag_2
                0x204006e8        0x4 src/main.o
                0x204006e8                but_flag_2
 .bss.but_flag_3
                0x204006ec        0x4 src/main.o
                0x204006ec                but_flag_3
 .bss.game_in_session
                0x204006f0        0x1 src/main.o
                0x204006f0                game_in_session
 *(COMMON)
 *fill*         0x204006f1        0x3 
 COMMON         0x204006f4       0x21 c:/program files (x86)/atmel/studio/7.0/toolchain/arm/arm-gnu-toolchain/bin/../lib/gcc/arm-none-eabi/6.3.1/../../../../arm-none-eabi/lib/thumb/v7e-m\libc.a(lib_a-lock.o)
                0x204006f4                __lock___atexit_recursive_mutex
                0x204006f8                __lock___arc4random_mutex
                0x204006fc                __lock___env_recursive_mutex
                0x20400700                __lock___sinit_recursive_mutex
                0x20400704                __lock___malloc_recursive_mutex
                0x20400708                __lock___at_quick_exit_mutex
                0x2040070c                __lock___dd_hash_mutex
                0x20400710                __lock___tz_mutex
                0x20400714                __lock___sfp_recursive_mutex
                0x20400718                . = ALIGN (0x4)
 *fill*         0x20400715        0x3 
                0x20400718                _ebss = .
                0x20400718                _ezero = .

.stack          0x20400718     0x2000 load address 0x00404048
                0x20400718                . = ALIGN (0x8)
                0x20400718                _sstack = .
                0x20402718                . = (. + STACK_SIZE)
 *fill*         0x20400718     0x2000 
                0x20402718                . = ALIGN (0x8)
                0x20402718                _estack = .

.heap           0x20402718      0x200 load address 0x00406048
                0x20402718                . = ALIGN (0x8)
                0x20402718                _sheap = .
                0x20402918                . = (. + HEAP_SIZE)
 *fill*         0x20402718      0x200 
                0x20402918                . = ALIGN (0x8)
                0x20402918                _eheap = .
                0x20402918                . = ALIGN (0x4)
                0x20402918                _end = .
                0x2045ffff                _ram_end_ = ((ORIGIN (ram) + LENGTH (ram)) - 0x1)
OUTPUT(OLED1.elf elf32-littlearm)

.ARM.attributes
                0x00000000       0x2e
 .ARM.attributes
                0x00000000       0x1e c:/program files (x86)/atmel/studio/7.0/toolchain/arm/arm-gnu-toolchain/bin/../lib/gcc/arm-none-eabi/6.3.1/thumb/v7e-m/crti.o
 .ARM.attributes
                0x0000001e       0x2e c:/program files (x86)/atmel/studio/7.0/toolchain/arm/arm-gnu-toolchain/bin/../lib/gcc/arm-none-eabi/6.3.1/thumb/v7e-m/crtbegin.o
 .ARM.attributes
                0x0000004c       0x37 src/ASF/sam/drivers/rtt/rtt.o
 .ARM.attributes
                0x00000083       0x37 src/ASF/sam/drivers/spi/spi.o
 .ARM.attributes
                0x000000ba       0x37 src/oled/gfx_mono_framebuffer.o
 .ARM.attributes
                0x000000f1       0x37 src/oled/gfx_mono_ug_2832hsweg04.o
 .ARM.attributes
                0x00000128       0x37 src/oled/ssd1306.o
 .ARM.attributes
                0x0000015f       0x37 src/ASF/common/services/delay/sam/cycle_counter.o
 .ARM.attributes
                0x00000196       0x37 src/ASF/common/services/clock/same70/sysclk.o
 .ARM.attributes
                0x000001cd       0x37 src/ASF/common/utils/interrupt/interrupt_sam_nvic.o
 .ARM.attributes
                0x00000204       0x37 src/ASF/sam/boards/same70_xplained/init.o
 .ARM.attributes
                0x0000023b       0x37 src/ASF/sam/drivers/pio/pio.o
 .ARM.attributes
                0x00000272       0x37 src/ASF/sam/drivers/pio/pio_handler.o
 .ARM.attributes
                0x000002a9       0x37 src/ASF/sam/drivers/pmc/pmc.o
 .ARM.attributes
                0x000002e0       0x37 src/ASF/sam/drivers/pmc/sleep.o
 .ARM.attributes
                0x00000317       0x37 src/ASF/sam/utils/cmsis/same70/source/templates/gcc/startup_same70.o
 .ARM.attributes
                0x0000034e       0x37 src/ASF/sam/utils/cmsis/same70/source/templates/system_same70.o
 .ARM.attributes
                0x00000385       0x37 src/main.o
 .ARM.attributes
                0x000003bc       0x1e c:/program files (x86)/atmel/studio/7.0/toolchain/arm/arm-gnu-toolchain/bin/../lib/gcc/arm-none-eabi/6.3.1/thumb/v7e-m\libgcc.a(_aeabi_uldivmod.o)
 .ARM.attributes
                0x000003da       0x2e c:/program files (x86)/atmel/studio/7.0/toolchain/arm/arm-gnu-toolchain/bin/../lib/gcc/arm-none-eabi/6.3.1/thumb/v7e-m\libgcc.a(_udivmoddi4.o)
 .ARM.attributes
                0x00000408       0x1e c:/program files (x86)/atmel/studio/7.0/toolchain/arm/arm-gnu-toolchain/bin/../lib/gcc/arm-none-eabi/6.3.1/thumb/v7e-m\libgcc.a(_dvmd_tls.o)
 .ARM.attributes
                0x00000426       0x2e c:/program files (x86)/atmel/studio/7.0/toolchain/arm/arm-gnu-toolchain/bin/../lib/gcc/arm-none-eabi/6.3.1/../../../../arm-none-eabi/lib/thumb/v7e-m\libc.a(lib_a-impure.o)
 .ARM.attributes
                0x00000454       0x2e c:/program files (x86)/atmel/studio/7.0/toolchain/arm/arm-gnu-toolchain/bin/../lib/gcc/arm-none-eabi/6.3.1/../../../../arm-none-eabi/lib/thumb/v7e-m\libc.a(lib_a-init.o)
 .ARM.attributes
                0x00000482       0x2e c:/program files (x86)/atmel/studio/7.0/toolchain/arm/arm-gnu-toolchain/bin/../lib/gcc/arm-none-eabi/6.3.1/../../../../arm-none-eabi/lib/thumb/v7e-m\libc.a(lib_a-__call_atexit.o)
 .ARM.attributes
                0x000004b0       0x2e c:/program files (x86)/atmel/studio/7.0/toolchain/arm/arm-gnu-toolchain/bin/../lib/gcc/arm-none-eabi/6.3.1/../../../../arm-none-eabi/lib/thumb/v7e-m\libc.a(lib_a-atexit.o)
 .ARM.attributes
                0x000004de       0x2e c:/program files (x86)/atmel/studio/7.0/toolchain/arm/arm-gnu-toolchain/bin/../lib/gcc/arm-none-eabi/6.3.1/../../../../arm-none-eabi/lib/thumb/v7e-m\libc.a(lib_a-fini.o)
 .ARM.attributes
                0x0000050c       0x2e c:/program files (x86)/atmel/studio/7.0/toolchain/arm/arm-gnu-toolchain/bin/../lib/gcc/arm-none-eabi/6.3.1/../../../../arm-none-eabi/lib/thumb/v7e-m\libc.a(lib_a-lock.o)
 .ARM.attributes
                0x0000053a       0x2e c:/program files (x86)/atmel/studio/7.0/toolchain/arm/arm-gnu-toolchain/bin/../lib/gcc/arm-none-eabi/6.3.1/../../../../arm-none-eabi/lib/thumb/v7e-m\libc.a(lib_a-__atexit.o)
 .ARM.attributes
                0x00000568       0x1e c:/program files (x86)/atmel/studio/7.0/toolchain/arm/arm-gnu-toolchain/bin/../lib/gcc/arm-none-eabi/6.3.1/thumb/v7e-m/crtn.o

.comment        0x00000000       0x59
 .comment       0x00000000       0x59 src/ASF/sam/drivers/rtt/rtt.o
                                 0x5a (size before relaxing)
 .comment       0x00000059       0x5a src/ASF/sam/drivers/spi/spi.o
 .comment       0x00000059       0x5a src/oled/gfx_mono_framebuffer.o
 .comment       0x00000059       0x5a src/oled/gfx_mono_ug_2832hsweg04.o
 .comment       0x00000059       0x5a src/oled/ssd1306.o
 .comment       0x00000059       0x5a src/ASF/common/services/delay/sam/cycle_counter.o
 .comment       0x00000059       0x5a src/ASF/common/services/clock/same70/sysclk.o
 .comment       0x00000059       0x5a src/ASF/common/utils/interrupt/interrupt_sam_nvic.o
 .comment       0x00000059       0x5a src/ASF/sam/boards/same70_xplained/init.o
 .comment       0x00000059       0x5a src/ASF/sam/drivers/pio/pio.o
 .comment       0x00000059       0x5a src/ASF/sam/drivers/pio/pio_handler.o
 .comment       0x00000059       0x5a src/ASF/sam/drivers/pmc/pmc.o
 .comment       0x00000059       0x5a src/ASF/sam/drivers/pmc/sleep.o
 .comment       0x00000059       0x5a src/ASF/sam/utils/cmsis/same70/source/templates/gcc/startup_same70.o
 .comment       0x00000059       0x5a src/ASF/sam/utils/cmsis/same70/source/templates/system_same70.o
 .comment       0x00000059       0x5a src/main.o

.debug_info     0x00000000    0x141f8
 .debug_info    0x00000000      0xcaf src/ASF/sam/drivers/rtt/rtt.o
 .debug_info    0x00000caf     0x10ff src/ASF/sam/drivers/spi/spi.o
 .debug_info    0x00001dae      0xd75 src/oled/gfx_mono_framebuffer.o
 .debug_info    0x00002b23      0xf32 src/oled/gfx_mono_ug_2832hsweg04.o
 .debug_info    0x00003a55     0x1c29 src/oled/ssd1306.o
 .debug_info    0x0000567e      0xa45 src/ASF/common/services/delay/sam/cycle_counter.o
 .debug_info    0x000060c3     0x12d4 src/ASF/common/services/clock/same70/sysclk.o
 .debug_info    0x00007397      0xb06 src/ASF/common/utils/interrupt/interrupt_sam_nvic.o
 .debug_info    0x00007e9d     0x1c75 src/ASF/sam/boards/same70_xplained/init.o
 .debug_info    0x00009b12     0x1cbf src/ASF/sam/drivers/pio/pio.o
 .debug_info    0x0000b7d1     0x1a18 src/ASF/sam/drivers/pio/pio_handler.o
 .debug_info    0x0000d1e9     0x1df9 src/ASF/sam/drivers/pmc/pmc.o
 .debug_info    0x0000efe2     0x1635 src/ASF/sam/drivers/pmc/sleep.o
 .debug_info    0x00010617     0x157c src/ASF/sam/utils/cmsis/same70/source/templates/gcc/startup_same70.o
 .debug_info    0x00011b93      0x55f src/ASF/sam/utils/cmsis/same70/source/templates/system_same70.o
 .debug_info    0x000120f2     0x2106 src/main.o

.debug_abbrev   0x00000000     0x2a80
 .debug_abbrev  0x00000000      0x203 src/ASF/sam/drivers/rtt/rtt.o
 .debug_abbrev  0x00000203      0x2c2 src/ASF/sam/drivers/spi/spi.o
 .debug_abbrev  0x000004c5      0x217 src/oled/gfx_mono_framebuffer.o
 .debug_abbrev  0x000006dc      0x2b6 src/oled/gfx_mono_ug_2832hsweg04.o
 .debug_abbrev  0x00000992      0x3de src/oled/ssd1306.o
 .debug_abbrev  0x00000d70      0x1b3 src/ASF/common/services/delay/sam/cycle_counter.o
 .debug_abbrev  0x00000f23      0x296 src/ASF/common/services/clock/same70/sysclk.o
 .debug_abbrev  0x000011b9      0x214 src/ASF/common/utils/interrupt/interrupt_sam_nvic.o
 .debug_abbrev  0x000013cd      0x3eb src/ASF/sam/boards/same70_xplained/init.o
 .debug_abbrev  0x000017b8      0x296 src/ASF/sam/drivers/pio/pio.o
 .debug_abbrev  0x00001a4e      0x2c9 src/ASF/sam/drivers/pio/pio_handler.o
 .debug_abbrev  0x00001d17      0x2c5 src/ASF/sam/drivers/pmc/pmc.o
 .debug_abbrev  0x00001fdc      0x2df src/ASF/sam/drivers/pmc/sleep.o
 .debug_abbrev  0x000022bb      0x2e8 src/ASF/sam/utils/cmsis/same70/source/templates/gcc/startup_same70.o
 .debug_abbrev  0x000025a3      0x102 src/ASF/sam/utils/cmsis/same70/source/templates/system_same70.o
 .debug_abbrev  0x000026a5      0x3db src/main.o

.debug_loc      0x00000000     0x54e4
 .debug_loc     0x00000000      0x330 src/ASF/sam/drivers/rtt/rtt.o
 .debug_loc     0x00000330      0x630 src/ASF/sam/drivers/spi/spi.o
 .debug_loc     0x00000960      0x2bc src/oled/gfx_mono_framebuffer.o
 .debug_loc     0x00000c1c      0x3c0 src/oled/gfx_mono_ug_2832hsweg04.o
 .debug_loc     0x00000fdc      0x6e8 src/oled/ssd1306.o
 .debug_loc     0x000016c4      0x4a0 src/ASF/common/services/clock/same70/sysclk.o
 .debug_loc     0x00001b64       0xa0 src/ASF/common/utils/interrupt/interrupt_sam_nvic.o
 .debug_loc     0x00001c04      0x2fc src/ASF/sam/boards/same70_xplained/init.o
 .debug_loc     0x00001f00     0x1174 src/ASF/sam/drivers/pio/pio.o
 .debug_loc     0x00003074      0x38c src/ASF/sam/drivers/pio/pio_handler.o
 .debug_loc     0x00003400     0x172c src/ASF/sam/drivers/pmc/pmc.o
 .debug_loc     0x00004b2c       0xe6 src/ASF/sam/drivers/pmc/sleep.o
 .debug_loc     0x00004c12      0x16c src/ASF/sam/utils/cmsis/same70/source/templates/gcc/startup_same70.o
 .debug_loc     0x00004d7e       0xe4 src/ASF/sam/utils/cmsis/same70/source/templates/system_same70.o
 .debug_loc     0x00004e62      0x682 src/main.o

.debug_aranges  0x00000000      0x9d0
 .debug_aranges
                0x00000000       0x60 src/ASF/sam/drivers/rtt/rtt.o
 .debug_aranges
                0x00000060       0xa8 src/ASF/sam/drivers/spi/spi.o
 .debug_aranges
                0x00000108       0x58 src/oled/gfx_mono_framebuffer.o
 .debug_aranges
                0x00000160       0x78 src/oled/gfx_mono_ug_2832hsweg04.o
 .debug_aranges
                0x000001d8       0xd0 src/oled/ssd1306.o
 .debug_aranges
                0x000002a8       0x20 src/ASF/common/services/delay/sam/cycle_counter.o
 .debug_aranges
                0x000002c8       0x98 src/ASF/common/services/clock/same70/sysclk.o
 .debug_aranges
                0x00000360       0x28 src/ASF/common/utils/interrupt/interrupt_sam_nvic.o
 .debug_aranges
                0x00000388       0x68 src/ASF/sam/boards/same70_xplained/init.o
 .debug_aranges
                0x000003f0      0x1a8 src/ASF/sam/drivers/pio/pio.o
 .debug_aranges
                0x00000598       0x80 src/ASF/sam/drivers/pio/pio_handler.o
 .debug_aranges
                0x00000618      0x250 src/ASF/sam/drivers/pmc/pmc.o
 .debug_aranges
                0x00000868       0x30 src/ASF/sam/drivers/pmc/sleep.o
 .debug_aranges
                0x00000898       0x40 src/ASF/sam/utils/cmsis/same70/source/templates/gcc/startup_same70.o
 .debug_aranges
                0x000008d8       0x30 src/ASF/sam/utils/cmsis/same70/source/templates/system_same70.o
 .debug_aranges
                0x00000908       0xc8 src/main.o

.debug_ranges   0x00000000      0x990
 .debug_ranges  0x00000000       0x50 src/ASF/sam/drivers/rtt/rtt.o
 .debug_ranges  0x00000050       0x98 src/ASF/sam/drivers/spi/spi.o
 .debug_ranges  0x000000e8       0x48 src/oled/gfx_mono_framebuffer.o
 .debug_ranges  0x00000130       0x68 src/oled/gfx_mono_ug_2832hsweg04.o
 .debug_ranges  0x00000198      0x108 src/oled/ssd1306.o
 .debug_ranges  0x000002a0       0x10 src/ASF/common/services/delay/sam/cycle_counter.o
 .debug_ranges  0x000002b0       0x88 src/ASF/common/services/clock/same70/sysclk.o
 .debug_ranges  0x00000338       0x18 src/ASF/common/utils/interrupt/interrupt_sam_nvic.o
 .debug_ranges  0x00000350       0xd0 src/ASF/sam/boards/same70_xplained/init.o
 .debug_ranges  0x00000420      0x198 src/ASF/sam/drivers/pio/pio.o
 .debug_ranges  0x000005b8       0x70 src/ASF/sam/drivers/pio/pio_handler.o
 .debug_ranges  0x00000628      0x240 src/ASF/sam/drivers/pmc/pmc.o
 .debug_ranges  0x00000868       0x20 src/ASF/sam/drivers/pmc/sleep.o
 .debug_ranges  0x00000888       0x30 src/ASF/sam/utils/cmsis/same70/source/templates/gcc/startup_same70.o
 .debug_ranges  0x000008b8       0x20 src/ASF/sam/utils/cmsis/same70/source/templates/system_same70.o
 .debug_ranges  0x000008d8       0xb8 src/main.o

.debug_macro    0x00000000    0x1fa8a
 .debug_macro   0x00000000      0x660 src/ASF/sam/drivers/rtt/rtt.o
 .debug_macro   0x00000660      0x8ce src/ASF/sam/drivers/rtt/rtt.o
 .debug_macro   0x00000f2e      0x16d src/ASF/sam/drivers/rtt/rtt.o
 .debug_macro   0x0000109b      0x64b src/ASF/sam/drivers/rtt/rtt.o
 .debug_macro   0x000016e6       0x76 src/ASF/sam/drivers/rtt/rtt.o
 .debug_macro   0x0000175c       0x16 src/ASF/sam/drivers/rtt/rtt.o
 .debug_macro   0x00001772      0x6e4 src/ASF/sam/drivers/rtt/rtt.o
 .debug_macro   0x00001e56       0x22 src/ASF/sam/drivers/rtt/rtt.o
 .debug_macro   0x00001e78       0x87 src/ASF/sam/drivers/rtt/rtt.o
 .debug_macro   0x00001eff       0x51 src/ASF/sam/drivers/rtt/rtt.o
 .debug_macro   0x00001f50       0xef src/ASF/sam/drivers/rtt/rtt.o
 .debug_macro   0x0000203f       0x6a src/ASF/sam/drivers/rtt/rtt.o
 .debug_macro   0x000020a9      0x1df src/ASF/sam/drivers/rtt/rtt.o
 .debug_macro   0x00002288       0x4a src/ASF/sam/drivers/rtt/rtt.o
 .debug_macro   0x000022d2       0x3b src/ASF/sam/drivers/rtt/rtt.o
 .debug_macro   0x0000230d       0x2d src/ASF/sam/drivers/rtt/rtt.o
 .debug_macro   0x0000233a       0x26 src/ASF/sam/drivers/rtt/rtt.o
 .debug_macro   0x00002360      0xf9a src/ASF/sam/drivers/rtt/rtt.o
 .debug_macro   0x000032fa      0x175 src/ASF/sam/drivers/rtt/rtt.o
 .debug_macro   0x0000346f      0x257 src/ASF/sam/drivers/rtt/rtt.o
 .debug_macro   0x000036c6      0xa0f src/ASF/sam/drivers/rtt/rtt.o
 .debug_macro   0x000040d5      0x1b9 src/ASF/sam/drivers/rtt/rtt.o
 .debug_macro   0x0000428e      0x336 src/ASF/sam/drivers/rtt/rtt.o
 .debug_macro   0x000045c4      0x15b src/ASF/sam/drivers/rtt/rtt.o
 .debug_macro   0x0000471f     0x1851 src/ASF/sam/drivers/rtt/rtt.o
 .debug_macro   0x00005f70       0x1c src/ASF/sam/drivers/rtt/rtt.o
 .debug_macro   0x00005f8c      0x68d src/ASF/sam/drivers/rtt/rtt.o
 .debug_macro   0x00006619      0x31e src/ASF/sam/drivers/rtt/rtt.o
 .debug_macro   0x00006937      0x4d4 src/ASF/sam/drivers/rtt/rtt.o
 .debug_macro   0x00006e0b      0x56e src/ASF/sam/drivers/rtt/rtt.o
 .debug_macro   0x00007379     0x1332 src/ASF/sam/drivers/rtt/rtt.o
 .debug_macro   0x000086ab     0x278d src/ASF/sam/drivers/rtt/rtt.o
 .debug_macro   0x0000ae38     0x102b src/ASF/sam/drivers/rtt/rtt.o
 .debug_macro   0x0000be63      0xe01 src/ASF/sam/drivers/rtt/rtt.o
 .debug_macro   0x0000cc64      0x3b1 src/ASF/sam/drivers/rtt/rtt.o
 .debug_macro   0x0000d015       0xa0 src/ASF/sam/drivers/rtt/rtt.o
 .debug_macro   0x0000d0b5       0x76 src/ASF/sam/drivers/rtt/rtt.o
 .debug_macro   0x0000d12b      0x409 src/ASF/sam/drivers/rtt/rtt.o
 .debug_macro   0x0000d534       0x64 src/ASF/sam/drivers/rtt/rtt.o
 .debug_macro   0x0000d598      0x284 src/ASF/sam/drivers/rtt/rtt.o
 .debug_macro   0x0000d81c      0x1d0 src/ASF/sam/drivers/rtt/rtt.o
 .debug_macro   0x0000d9ec      0x248 src/ASF/sam/drivers/rtt/rtt.o
 .debug_macro   0x0000dc34      0x524 src/ASF/sam/drivers/rtt/rtt.o
 .debug_macro   0x0000e158      0x63b src/ASF/sam/drivers/rtt/rtt.o
 .debug_macro   0x0000e793      0x6b8 src/ASF/sam/drivers/rtt/rtt.o
 .debug_macro   0x0000ee4b       0x4c src/ASF/sam/drivers/rtt/rtt.o
 .debug_macro   0x0000ee97      0x468 src/ASF/sam/drivers/rtt/rtt.o
 .debug_macro   0x0000f2ff      0x207 src/ASF/sam/drivers/rtt/rtt.o
 .debug_macro   0x0000f506      0x866 src/ASF/sam/drivers/rtt/rtt.o
 .debug_macro   0x0000fd6c     0x1547 src/ASF/sam/drivers/rtt/rtt.o
 .debug_macro   0x000112b3       0x40 src/ASF/sam/drivers/rtt/rtt.o
 .debug_macro   0x000112f3       0x76 src/ASF/sam/drivers/rtt/rtt.o
 .debug_macro   0x00011369      0xdaf src/ASF/sam/drivers/rtt/rtt.o
 .debug_macro   0x00012118       0x82 src/ASF/sam/drivers/rtt/rtt.o
 .debug_macro   0x0001219a       0x76 src/ASF/sam/drivers/rtt/rtt.o
 .debug_macro   0x00012210       0x4c src/ASF/sam/drivers/rtt/rtt.o
 .debug_macro   0x0001225c      0x135 src/ASF/sam/drivers/rtt/rtt.o
 .debug_macro   0x00012391      0x135 src/ASF/sam/drivers/rtt/rtt.o
 .debug_macro   0x000124c6      0x135 src/ASF/sam/drivers/rtt/rtt.o
 .debug_macro   0x000125fb       0x6a src/ASF/sam/drivers/rtt/rtt.o
 .debug_macro   0x00012665       0x6a src/ASF/sam/drivers/rtt/rtt.o
 .debug_macro   0x000126cf      0x313 src/ASF/sam/drivers/rtt/rtt.o
 .debug_macro   0x000129e2       0xb2 src/ASF/sam/drivers/rtt/rtt.o
 .debug_macro   0x00012a94       0xb2 src/ASF/sam/drivers/rtt/rtt.o
 .debug_macro   0x00012b46       0xb2 src/ASF/sam/drivers/rtt/rtt.o
 .debug_macro   0x00012bf8      0x11d src/ASF/sam/drivers/rtt/rtt.o
 .debug_macro   0x00012d15      0x11d src/ASF/sam/drivers/rtt/rtt.o
 .debug_macro   0x00012e32      0x2cd src/ASF/sam/drivers/rtt/rtt.o
 .debug_macro   0x000130ff       0xb8 src/ASF/sam/drivers/rtt/rtt.o
 .debug_macro   0x000131b7       0x5e src/ASF/sam/drivers/rtt/rtt.o
 .debug_macro   0x00013215       0x40 src/ASF/sam/drivers/rtt/rtt.o
 .debug_macro   0x00013255       0x4c src/ASF/sam/drivers/rtt/rtt.o
 .debug_macro   0x000132a1       0xa0 src/ASF/sam/drivers/rtt/rtt.o
 .debug_macro   0x00013341      0x494 src/ASF/sam/drivers/rtt/rtt.o
 .debug_macro   0x000137d5      0x135 src/ASF/sam/drivers/rtt/rtt.o
 .debug_macro   0x0001390a       0x4c src/ASF/sam/drivers/rtt/rtt.o
 .debug_macro   0x00013956      0x313 src/ASF/sam/drivers/rtt/rtt.o
 .debug_macro   0x00013c69       0x6a src/ASF/sam/drivers/rtt/rtt.o
 .debug_macro   0x00013cd3       0xb8 src/ASF/sam/drivers/rtt/rtt.o
 .debug_macro   0x00013d8b       0x6a src/ASF/sam/drivers/rtt/rtt.o
 .debug_macro   0x00013df5       0x2e src/ASF/sam/drivers/rtt/rtt.o
 .debug_macro   0x00013e23      0x9b1 src/ASF/sam/drivers/rtt/rtt.o
 .debug_macro   0x000147d4       0x6a src/ASF/sam/drivers/rtt/rtt.o
 .debug_macro   0x0001483e       0x88 src/ASF/sam/drivers/rtt/rtt.o
 .debug_macro   0x000148c6       0x58 src/ASF/sam/drivers/rtt/rtt.o
 .debug_macro   0x0001491e       0xe2 src/ASF/sam/drivers/rtt/rtt.o
 .debug_macro   0x00014a00       0x16 src/ASF/sam/drivers/rtt/rtt.o
 .debug_macro   0x00014a16       0xe2 src/ASF/sam/drivers/rtt/rtt.o
 .debug_macro   0x00014af8       0x4c src/ASF/sam/drivers/rtt/rtt.o
 .debug_macro   0x00014b44       0x16 src/ASF/sam/drivers/rtt/rtt.o
 .debug_macro   0x00014b5a       0x4c src/ASF/sam/drivers/rtt/rtt.o
 .debug_macro   0x00014ba6       0x2e src/ASF/sam/drivers/rtt/rtt.o
 .debug_macro   0x00014bd4      0x1b5 src/ASF/sam/drivers/rtt/rtt.o
 .debug_macro   0x00014d89      0x1b5 src/ASF/sam/drivers/rtt/rtt.o
 .debug_macro   0x00014f3e      0x1b5 src/ASF/sam/drivers/rtt/rtt.o
 .debug_macro   0x000150f3      0x1b5 src/ASF/sam/drivers/rtt/rtt.o
 .debug_macro   0x000152a8      0x1b5 src/ASF/sam/drivers/rtt/rtt.o
 .debug_macro   0x0001545d       0x1c src/ASF/sam/drivers/rtt/rtt.o
 .debug_macro   0x00015479       0x2e src/ASF/sam/drivers/rtt/rtt.o
 .debug_macro   0x000154a7       0x22 src/ASF/sam/drivers/rtt/rtt.o
 .debug_macro   0x000154c9       0x1c src/ASF/sam/drivers/rtt/rtt.o
 .debug_macro   0x000154e5       0x52 src/ASF/sam/drivers/rtt/rtt.o
 .debug_macro   0x00015537       0x10 src/ASF/sam/drivers/rtt/rtt.o
 .debug_macro   0x00015547       0x1c src/ASF/sam/drivers/rtt/rtt.o
 .debug_macro   0x00015563       0x4c src/ASF/sam/drivers/rtt/rtt.o
 .debug_macro   0x000155af       0x4c src/ASF/sam/drivers/rtt/rtt.o
 .debug_macro   0x000155fb       0x4c src/ASF/sam/drivers/rtt/rtt.o
 .debug_macro   0x00015647      0x31b src/ASF/sam/drivers/rtt/rtt.o
 .debug_macro   0x00015962     0x1022 src/ASF/sam/drivers/rtt/rtt.o
 .debug_macro   0x00016984      0x107 src/ASF/sam/drivers/rtt/rtt.o
 .debug_macro   0x00016a8b       0x58 src/ASF/sam/drivers/rtt/rtt.o
 .debug_macro   0x00016ae3       0x35 src/ASF/sam/drivers/rtt/rtt.o
 .debug_macro   0x00016b18       0x9c src/ASF/sam/drivers/rtt/rtt.o
 .debug_macro   0x00016bb4       0x16 src/ASF/sam/drivers/rtt/rtt.o
 .debug_macro   0x00016bca       0x35 src/ASF/sam/drivers/rtt/rtt.o
 .debug_macro   0x00016bff      0x353 src/ASF/sam/drivers/rtt/rtt.o
 .debug_macro   0x00016f52       0x10 src/ASF/sam/drivers/rtt/rtt.o
 .debug_macro   0x00016f62       0x58 src/ASF/sam/drivers/rtt/rtt.o
 .debug_macro   0x00016fba       0x1f src/ASF/sam/drivers/rtt/rtt.o
 .debug_macro   0x00016fd9       0x43 src/ASF/sam/drivers/rtt/rtt.o
 .debug_macro   0x0001701c       0x20 src/ASF/sam/drivers/rtt/rtt.o
 .debug_macro   0x0001703c      0x187 src/ASF/sam/drivers/rtt/rtt.o
 .debug_macro   0x000171c3       0x10 src/ASF/sam/drivers/rtt/rtt.o
 .debug_macro   0x000171d3       0x1c src/ASF/sam/drivers/rtt/rtt.o
 .debug_macro   0x000171ef       0x52 src/ASF/sam/drivers/rtt/rtt.o
 .debug_macro   0x00017241       0x40 src/ASF/sam/drivers/rtt/rtt.o
 .debug_macro   0x00017281       0x10 src/ASF/sam/drivers/rtt/rtt.o
 .debug_macro   0x00017291       0x40 src/ASF/sam/drivers/rtt/rtt.o
 .debug_macro   0x000172d1       0xd7 src/ASF/sam/drivers/rtt/rtt.o
 .debug_macro   0x000173a8       0x16 src/ASF/sam/drivers/rtt/rtt.o
 .debug_macro   0x000173be      0x18b src/ASF/sam/drivers/rtt/rtt.o
 .debug_macro   0x00017549       0x22 src/ASF/sam/drivers/rtt/rtt.o
 .debug_macro   0x0001756b       0x16 src/ASF/sam/drivers/rtt/rtt.o
 .debug_macro   0x00017581       0x16 src/ASF/sam/drivers/rtt/rtt.o
 .debug_macro   0x00017597       0x29 src/ASF/sam/drivers/rtt/rtt.o
 .debug_macro   0x000175c0       0x75 src/ASF/sam/drivers/rtt/rtt.o
 .debug_macro   0x00017635       0x3f src/ASF/sam/drivers/rtt/rtt.o
 .debug_macro   0x00017674      0x3ca src/ASF/sam/drivers/rtt/rtt.o
 .debug_macro   0x00017a3e      0x6d9 src/ASF/sam/drivers/spi/spi.o
 .debug_macro   0x00018117       0x10 src/ASF/sam/drivers/spi/spi.o
 .debug_macro   0x00018127       0x3a src/ASF/sam/drivers/spi/spi.o
 .debug_macro   0x00018161      0x2c6 src/ASF/sam/drivers/spi/spi.o
 .debug_macro   0x00018427      0xa96 src/ASF/sam/drivers/spi/spi.o
 .debug_macro   0x00018ebd       0x70 src/ASF/sam/drivers/spi/spi.o
 .debug_macro   0x00018f2d       0x64 src/ASF/sam/drivers/spi/spi.o
 .debug_macro   0x00018f91       0x5f src/ASF/sam/drivers/spi/spi.o
 .debug_macro   0x00018ff0       0xac src/ASF/sam/drivers/spi/spi.o
 .debug_macro   0x0001909c      0x7d0 src/oled/gfx_mono_framebuffer.o
 .debug_macro   0x0001986c       0x50 src/oled/gfx_mono_framebuffer.o
 .debug_macro   0x000198bc       0x22 src/oled/gfx_mono_framebuffer.o
 .debug_macro   0x000198de       0x7b src/oled/gfx_mono_framebuffer.o
 .debug_macro   0x00019959       0x28 src/oled/gfx_mono_framebuffer.o
 .debug_macro   0x00019981       0x23 src/oled/gfx_mono_framebuffer.o
 .debug_macro   0x000199a4       0x94 src/oled/gfx_mono_framebuffer.o
 .debug_macro   0x00019a38       0x40 src/oled/gfx_mono_framebuffer.o
 .debug_macro   0x00019a78       0x88 src/oled/gfx_mono_framebuffer.o
 .debug_macro   0x00019b00      0x1ce src/oled/gfx_mono_framebuffer.o
 .debug_macro   0x00019cce       0x34 src/oled/gfx_mono_framebuffer.o
 .debug_macro   0x00019d02       0x16 src/oled/gfx_mono_framebuffer.o
 .debug_macro   0x00019d18       0x1c src/oled/gfx_mono_framebuffer.o
 .debug_macro   0x00019d34       0x16 src/oled/gfx_mono_framebuffer.o
 .debug_macro   0x00019d4a       0x28 src/oled/gfx_mono_framebuffer.o
 .debug_macro   0x00019d72       0xd1 src/oled/gfx_mono_framebuffer.o
 .debug_macro   0x00019e43       0x8b src/oled/gfx_mono_framebuffer.o
 .debug_macro   0x00019ece      0x7d4 src/oled/gfx_mono_ug_2832hsweg04.o
 .debug_macro   0x0001a6a2       0x28 src/oled/gfx_mono_ug_2832hsweg04.o
 .debug_macro   0x0001a6ca      0x7aa src/oled/ssd1306.o
 .debug_macro   0x0001ae74      0x665 src/ASF/common/services/delay/sam/cycle_counter.o
 .debug_macro   0x0001b4d9       0x22 src/ASF/common/services/delay/sam/cycle_counter.o
 .debug_macro   0x0001b4fb      0x6d1 src/ASF/common/services/clock/same70/sysclk.o
 .debug_macro   0x0001bbcc      0x2c0 src/ASF/common/services/clock/same70/sysclk.o
 .debug_macro   0x0001be8c      0x655 src/ASF/common/utils/interrupt/interrupt_sam_nvic.o
 .debug_macro   0x0001c4e1      0x70b src/ASF/sam/boards/same70_xplained/init.o
 .debug_macro   0x0001cbec       0x82 src/ASF/sam/boards/same70_xplained/init.o
 .debug_macro   0x0001cc6e      0x66b src/ASF/sam/drivers/pio/pio.o
 .debug_macro   0x0001d2d9       0x8e src/ASF/sam/drivers/pio/pio.o
 .debug_macro   0x0001d367      0x676 src/ASF/sam/drivers/pio/pio_handler.o
 .debug_macro   0x0001d9dd      0x66b src/ASF/sam/drivers/pmc/pmc.o
 .debug_macro   0x0001e048       0x6a src/ASF/sam/drivers/pmc/pmc.o
 .debug_macro   0x0001e0b2      0x684 src/ASF/sam/drivers/pmc/sleep.o
 .debug_macro   0x0001e736      0x664 src/ASF/sam/utils/cmsis/same70/source/templates/gcc/startup_same70.o
 .debug_macro   0x0001ed9a       0x10 src/ASF/sam/utils/cmsis/same70/source/templates/gcc/startup_same70.o
 .debug_macro   0x0001edaa      0x455 src/ASF/sam/utils/cmsis/same70/source/templates/system_same70.o
 .debug_macro   0x0001f1ff      0x88b src/main.o

.debug_line     0x00000000     0xcaca
 .debug_line    0x00000000      0xa7b src/ASF/sam/drivers/rtt/rtt.o
 .debug_line    0x00000a7b      0xc9d src/ASF/sam/drivers/spi/spi.o
 .debug_line    0x00001718      0xe50 src/oled/gfx_mono_framebuffer.o
 .debug_line    0x00002568      0xefd src/oled/gfx_mono_ug_2832hsweg04.o
 .debug_line    0x00003465      0xfbc src/oled/ssd1306.o
 .debug_line    0x00004421      0x9ed src/ASF/common/services/delay/sam/cycle_counter.o
 .debug_line    0x00004e0e      0xc67 src/ASF/common/services/clock/same70/sysclk.o
 .debug_line    0x00005a75      0xa09 src/ASF/common/utils/interrupt/interrupt_sam_nvic.o
 .debug_line    0x0000647e      0xd63 src/ASF/sam/boards/same70_xplained/init.o
 .debug_line    0x000071e1      0xe17 src/ASF/sam/drivers/pio/pio.o
 .debug_line    0x00007ff8      0xb18 src/ASF/sam/drivers/pio/pio_handler.o
 .debug_line    0x00008b10     0x10dc src/ASF/sam/drivers/pmc/pmc.o
 .debug_line    0x00009bec      0xb5d src/ASF/sam/drivers/pmc/sleep.o
 .debug_line    0x0000a749      0xac0 src/ASF/sam/utils/cmsis/same70/source/templates/gcc/startup_same70.o
 .debug_line    0x0000b209      0x820 src/ASF/sam/utils/cmsis/same70/source/templates/system_same70.o
 .debug_line    0x0000ba29     0x10a1 src/main.o

.debug_str      0x00000000    0x8f751
 .debug_str     0x00000000    0x819b8 src/ASF/sam/drivers/rtt/rtt.o
                              0x8202b (size before relaxing)
 .debug_str     0x000819b8     0x4610 src/ASF/sam/drivers/spi/spi.o
                              0x86540 (size before relaxing)
 .debug_str     0x00085fc8     0x2ac4 src/oled/gfx_mono_framebuffer.o
                              0x88c1d (size before relaxing)
 .debug_str     0x00088a8c      0x16d src/oled/gfx_mono_ug_2832hsweg04.o
                              0x88cfd (size before relaxing)
 .debug_str     0x00088bf9      0x612 src/oled/ssd1306.o
                              0x88935 (size before relaxing)
 .debug_str     0x0008920b       0x35 src/ASF/common/services/delay/sam/cycle_counter.o
                              0x820a6 (size before relaxing)
 .debug_str     0x00089240      0x454 src/ASF/common/services/clock/same70/sysclk.o
                              0x86627 (size before relaxing)
 .debug_str     0x00089694       0x94 src/ASF/common/utils/interrupt/interrupt_sam_nvic.o
                              0x81f76 (size before relaxing)
 .debug_str     0x00089728      0x4f4 src/ASF/sam/boards/same70_xplained/init.o
                              0x870b4 (size before relaxing)
 .debug_str     0x00089c1c      0x57b src/ASF/sam/drivers/pio/pio.o
                              0x82acc (size before relaxing)
 .debug_str     0x0008a197      0x437 src/ASF/sam/drivers/pio/pio_handler.o
                              0x82bee (size before relaxing)
 .debug_str     0x0008a5ce      0x62b src/ASF/sam/drivers/pmc/pmc.o
                              0x82c30 (size before relaxing)
 .debug_str     0x0008abf9      0x16e src/ASF/sam/drivers/pmc/sleep.o
                              0x85eef (size before relaxing)
 .debug_str     0x0008ad67      0x64c src/ASF/sam/utils/cmsis/same70/source/templates/gcc/startup_same70.o
                              0x82743 (size before relaxing)
 .debug_str     0x0008b3b3      0x137 src/ASF/sam/utils/cmsis/same70/source/templates/system_same70.o
                              0x7284f (size before relaxing)
 .debug_str     0x0008b4ea     0x4267 src/main.o
                              0x8d6a3 (size before relaxing)

.debug_frame    0x00000000     0x29f4
 .debug_frame   0x00000000      0x174 src/ASF/sam/drivers/rtt/rtt.o
 .debug_frame   0x00000174      0x2c8 src/ASF/sam/drivers/spi/spi.o
 .debug_frame   0x0000043c      0x148 src/oled/gfx_mono_framebuffer.o
 .debug_frame   0x00000584      0x1dc src/oled/gfx_mono_ug_2832hsweg04.o
 .debug_frame   0x00000760      0x360 src/oled/ssd1306.o
 .debug_frame   0x00000ac0       0x20 src/ASF/common/services/delay/sam/cycle_counter.o
 .debug_frame   0x00000ae0      0x240 src/ASF/common/services/clock/same70/sysclk.o
 .debug_frame   0x00000d20       0x58 src/ASF/common/utils/interrupt/interrupt_sam_nvic.o
 .debug_frame   0x00000d78      0x174 src/ASF/sam/boards/same70_xplained/init.o
 .debug_frame   0x00000eec      0x7c0 src/ASF/sam/drivers/pio/pio.o
 .debug_frame   0x000016ac      0x1d0 src/ASF/sam/drivers/pio/pio_handler.o
 .debug_frame   0x0000187c      0xa60 src/ASF/sam/drivers/pmc/pmc.o
 .debug_frame   0x000022dc       0x7c src/ASF/sam/drivers/pmc/sleep.o
 .debug_frame   0x00002358       0xbc src/ASF/sam/utils/cmsis/same70/source/templates/gcc/startup_same70.o
 .debug_frame   0x00002414       0x78 src/ASF/sam/utils/cmsis/same70/source/templates/system_same70.o
 .debug_frame   0x0000248c      0x348 src/main.o
 .debug_frame   0x000027d4       0x2c c:/program files (x86)/atmel/studio/7.0/toolchain/arm/arm-gnu-toolchain/bin/../lib/gcc/arm-none-eabi/6.3.1/thumb/v7e-m\libgcc.a(_aeabi_uldivmod.o)
 .debug_frame   0x00002800       0x34 c:/program files (x86)/atmel/studio/7.0/toolchain/arm/arm-gnu-toolchain/bin/../lib/gcc/arm-none-eabi/6.3.1/thumb/v7e-m\libgcc.a(_udivmoddi4.o)
 .debug_frame   0x00002834       0x2c c:/program files (x86)/atmel/studio/7.0/toolchain/arm/arm-gnu-toolchain/bin/../lib/gcc/arm-none-eabi/6.3.1/../../../../arm-none-eabi/lib/thumb/v7e-m\libc.a(lib_a-init.o)
 .debug_frame   0x00002860       0x5c c:/program files (x86)/atmel/studio/7.0/toolchain/arm/arm-gnu-toolchain/bin/../lib/gcc/arm-none-eabi/6.3.1/../../../../arm-none-eabi/lib/thumb/v7e-m\libc.a(lib_a-__call_atexit.o)
 .debug_frame   0x000028bc       0x20 c:/program files (x86)/atmel/studio/7.0/toolchain/arm/arm-gnu-toolchain/bin/../lib/gcc/arm-none-eabi/6.3.1/../../../../arm-none-eabi/lib/thumb/v7e-m\libc.a(lib_a-atexit.o)
 .debug_frame   0x000028dc       0x34 c:/program files (x86)/atmel/studio/7.0/toolchain/arm/arm-gnu-toolchain/bin/../lib/gcc/arm-none-eabi/6.3.1/../../../../arm-none-eabi/lib/thumb/v7e-m\libc.a(lib_a-fini.o)
 .debug_frame   0x00002910       0xb0 c:/program files (x86)/atmel/studio/7.0/toolchain/arm/arm-gnu-toolchain/bin/../lib/gcc/arm-none-eabi/6.3.1/../../../../arm-none-eabi/lib/thumb/v7e-m\libc.a(lib_a-lock.o)
 .debug_frame   0x000029c0       0x34 c:/program files (x86)/atmel/studio/7.0/toolchain/arm/arm-gnu-toolchain/bin/../lib/gcc/arm-none-eabi/6.3.1/../../../../arm-none-eabi/lib/thumb/v7e-m\libc.a(lib_a-__atexit.o)

Cross Reference Table

Symbol                                            File
ACC_Handler                                       src/ASF/sam/utils/cmsis/same70/source/templates/gcc/startup_same70.o
AES_Handler                                       src/ASF/sam/utils/cmsis/same70/source/templates/gcc/startup_same70.o
AFEC0_Handler                                     src/ASF/sam/utils/cmsis/same70/source/templates/gcc/startup_same70.o
AFEC1_Handler                                     src/ASF/sam/utils/cmsis/same70/source/templates/gcc/startup_same70.o
BUT_init                                          src/main.o
BusFault_Handler                                  src/ASF/sam/utils/cmsis/same70/source/templates/gcc/startup_same70.o
Button1_Handler                                   src/main.o
Button2_Handler                                   src/main.o
Button3_Handler                                   src/main.o
DACC_Handler                                      src/ASF/sam/utils/cmsis/same70/source/templates/gcc/startup_same70.o
DebugMon_Handler                                  src/ASF/sam/utils/cmsis/same70/source/templates/gcc/startup_same70.o
Dummy_Handler                                     src/ASF/sam/utils/cmsis/same70/source/templates/gcc/startup_same70.o
EFC_Handler                                       src/ASF/sam/utils/cmsis/same70/source/templates/gcc/startup_same70.o
GMAC_Handler                                      src/ASF/sam/utils/cmsis/same70/source/templates/gcc/startup_same70.o
HSMCI_Handler                                     src/ASF/sam/utils/cmsis/same70/source/templates/gcc/startup_same70.o
HardFault_Handler                                 src/ASF/sam/utils/cmsis/same70/source/templates/gcc/startup_same70.o
ICM_Handler                                       src/ASF/sam/utils/cmsis/same70/source/templates/gcc/startup_same70.o
ISI_Handler                                       src/ASF/sam/utils/cmsis/same70/source/templates/gcc/startup_same70.o
LEDS                                              src/main.o
LED_init                                          src/main.o
MCAN0_Handler                                     src/ASF/sam/utils/cmsis/same70/source/templates/gcc/startup_same70.o
MCAN1_Handler                                     src/ASF/sam/utils/cmsis/same70/source/templates/gcc/startup_same70.o
MemManage_Handler                                 src/ASF/sam/utils/cmsis/same70/source/templates/gcc/startup_same70.o
NMI_Handler                                       src/ASF/sam/utils/cmsis/same70/source/templates/gcc/startup_same70.o
PIOA_Handler                                      src/ASF/sam/drivers/pio/pio_handler.o
PIOB_Handler                                      src/ASF/sam/drivers/pio/pio_handler.o
PIOC_Handler                                      src/ASF/sam/drivers/pio/pio_handler.o
PIOD_Handler                                      src/ASF/sam/drivers/pio/pio_handler.o
PIOE_Handler                                      src/ASF/sam/drivers/pio/pio_handler.o
PMC_Handler                                       src/ASF/sam/utils/cmsis/same70/source/templates/gcc/startup_same70.o
PWM0_Handler                                      src/ASF/sam/utils/cmsis/same70/source/templates/gcc/startup_same70.o
PWM1_Handler                                      src/ASF/sam/utils/cmsis/same70/source/templates/gcc/startup_same70.o
PendSV_Handler                                    src/ASF/sam/utils/cmsis/same70/source/templates/gcc/startup_same70.o
QSPI_Handler                                      src/ASF/sam/utils/cmsis/same70/source/templates/gcc/startup_same70.o
RSTC_Handler                                      src/ASF/sam/utils/cmsis/same70/source/templates/gcc/startup_same70.o
RSWDT_Handler                                     src/ASF/sam/utils/cmsis/same70/source/templates/gcc/startup_same70.o
RTC_Handler                                       src/ASF/sam/utils/cmsis/same70/source/templates/gcc/startup_same70.o
RTT_Handler                                       src/main.o
                                                  src/ASF/sam/utils/cmsis/same70/source/templates/gcc/startup_same70.o
Reset_Handler                                     src/ASF/sam/utils/cmsis/same70/source/templates/gcc/startup_same70.o
SDRAMC_Handler                                    src/ASF/sam/utils/cmsis/same70/source/templates/gcc/startup_same70.o
SPI0_Handler                                      src/ASF/sam/utils/cmsis/same70/source/templates/gcc/startup_same70.o
SPI1_Handler                                      src/ASF/sam/utils/cmsis/same70/source/templates/gcc/startup_same70.o
SSC_Handler                                       src/ASF/sam/utils/cmsis/same70/source/templates/gcc/startup_same70.o
SUPC_Handler                                      src/ASF/sam/utils/cmsis/same70/source/templates/gcc/startup_same70.o
SVC_Handler                                       src/ASF/sam/utils/cmsis/same70/source/templates/gcc/startup_same70.o
SysTick_Handler                                   src/ASF/sam/utils/cmsis/same70/source/templates/gcc/startup_same70.o
SystemCoreClock                                   src/ASF/sam/utils/cmsis/same70/source/templates/system_same70.o
SystemCoreClockUpdate                             src/ASF/sam/utils/cmsis/same70/source/templates/system_same70.o
                                                  src/ASF/common/services/clock/same70/sysclk.o
SystemInit                                        src/ASF/sam/utils/cmsis/same70/source/templates/system_same70.o
TC0_Handler                                       src/ASF/sam/utils/cmsis/same70/source/templates/gcc/startup_same70.o
TC10_Handler                                      src/ASF/sam/utils/cmsis/same70/source/templates/gcc/startup_same70.o
TC11_Handler                                      src/ASF/sam/utils/cmsis/same70/source/templates/gcc/startup_same70.o
TC1_Handler                                       src/ASF/sam/utils/cmsis/same70/source/templates/gcc/startup_same70.o
TC2_Handler                                       src/ASF/sam/utils/cmsis/same70/source/templates/gcc/startup_same70.o
TC3_Handler                                       src/ASF/sam/utils/cmsis/same70/source/templates/gcc/startup_same70.o
TC4_Handler                                       src/ASF/sam/utils/cmsis/same70/source/templates/gcc/startup_same70.o
TC5_Handler                                       src/ASF/sam/utils/cmsis/same70/source/templates/gcc/startup_same70.o
TC6_Handler                                       src/ASF/sam/utils/cmsis/same70/source/templates/gcc/startup_same70.o
TC7_Handler                                       src/ASF/sam/utils/cmsis/same70/source/templates/gcc/startup_same70.o
TC8_Handler                                       src/ASF/sam/utils/cmsis/same70/source/templates/gcc/startup_same70.o
TC9_Handler                                       src/ASF/sam/utils/cmsis/same70/source/templates/gcc/startup_same70.o
TRNG_Handler                                      src/ASF/sam/utils/cmsis/same70/source/templates/gcc/startup_same70.o
TWIHS0_Handler                                    src/ASF/sam/utils/cmsis/same70/source/templates/gcc/startup_same70.o
TWIHS1_Handler                                    src/ASF/sam/utils/cmsis/same70/source/templates/gcc/startup_same70.o
TWIHS2_Handler                                    src/ASF/sam/utils/cmsis/same70/source/templates/gcc/startup_same70.o
UART0_Handler                                     src/ASF/sam/utils/cmsis/same70/source/templates/gcc/startup_same70.o
UART1_Handler                                     src/ASF/sam/utils/cmsis/same70/source/templates/gcc/startup_same70.o
UART2_Handler                                     src/ASF/sam/utils/cmsis/same70/source/templates/gcc/startup_same70.o
UART3_Handler                                     src/ASF/sam/utils/cmsis/same70/source/templates/gcc/startup_same70.o
UART4_Handler                                     src/ASF/sam/utils/cmsis/same70/source/templates/gcc/startup_same70.o
USART0_Handler                                    src/ASF/sam/utils/cmsis/same70/source/templates/gcc/startup_same70.o
USART1_Handler                                    src/ASF/sam/utils/cmsis/same70/source/templates/gcc/startup_same70.o
USART2_Handler                                    src/ASF/sam/utils/cmsis/same70/source/templates/gcc/startup_same70.o
USBHS_Handler                                     src/ASF/sam/utils/cmsis/same70/source/templates/gcc/startup_same70.o
UsageFault_Handler                                src/ASF/sam/utils/cmsis/same70/source/templates/gcc/startup_same70.o
WDT_Handler                                       src/ASF/sam/utils/cmsis/same70/source/templates/gcc/startup_same70.o
XDMAC_Handler                                     src/ASF/sam/utils/cmsis/same70/source/templates/gcc/startup_same70.o
_Jv_RegisterClasses                               c:/program files (x86)/atmel/studio/7.0/toolchain/arm/arm-gnu-toolchain/bin/../lib/gcc/arm-none-eabi/6.3.1/thumb/v7e-m/crtbegin.o
__aeabi_idiv0                                     c:/program files (x86)/atmel/studio/7.0/toolchain/arm/arm-gnu-toolchain/bin/../lib/gcc/arm-none-eabi/6.3.1/thumb/v7e-m\libgcc.a(_dvmd_tls.o)
__aeabi_ldiv0                                     c:/program files (x86)/atmel/studio/7.0/toolchain/arm/arm-gnu-toolchain/bin/../lib/gcc/arm-none-eabi/6.3.1/thumb/v7e-m\libgcc.a(_dvmd_tls.o)
                                                  c:/program files (x86)/atmel/studio/7.0/toolchain/arm/arm-gnu-toolchain/bin/../lib/gcc/arm-none-eabi/6.3.1/thumb/v7e-m\libgcc.a(_aeabi_uldivmod.o)
__aeabi_uldivmod                                  c:/program files (x86)/atmel/studio/7.0/toolchain/arm/arm-gnu-toolchain/bin/../lib/gcc/arm-none-eabi/6.3.1/thumb/v7e-m\libgcc.a(_aeabi_uldivmod.o)
                                                  src/main.o
                                                  src/oled/ssd1306.o
__atexit_recursive_mutex                          c:/program files (x86)/atmel/studio/7.0/toolchain/arm/arm-gnu-toolchain/bin/../lib/gcc/arm-none-eabi/6.3.1/../../../../arm-none-eabi/lib/thumb/v7e-m\libc.a(lib_a-__call_atexit.o)
                                                  c:/program files (x86)/atmel/studio/7.0/toolchain/arm/arm-gnu-toolchain/bin/../lib/gcc/arm-none-eabi/6.3.1/../../../../arm-none-eabi/lib/thumb/v7e-m\libc.a(lib_a-__atexit.o)
__bss_end__                                       c:/program files (x86)/atmel/studio/7.0/toolchain/arm/arm-gnu-toolchain/bin/../lib/gcc/arm-none-eabi/6.3.1/../../../../arm-none-eabi/lib/thumb/v7e-m/crt0.o
__bss_start__                                     c:/program files (x86)/atmel/studio/7.0/toolchain/arm/arm-gnu-toolchain/bin/../lib/gcc/arm-none-eabi/6.3.1/../../../../arm-none-eabi/lib/thumb/v7e-m/crt0.o
__call_exitprocs                                  c:/program files (x86)/atmel/studio/7.0/toolchain/arm/arm-gnu-toolchain/bin/../lib/gcc/arm-none-eabi/6.3.1/../../../../arm-none-eabi/lib/thumb/v7e-m\libc.a(lib_a-__call_atexit.o)
                                                  c:/program files (x86)/atmel/studio/7.0/toolchain/arm/arm-gnu-toolchain/bin/../lib/gcc/arm-none-eabi/6.3.1/../../../../arm-none-eabi/lib/thumb/v7e-m\libc.a(lib_a-exit.o)
__deregister_frame_info                           c:/program files (x86)/atmel/studio/7.0/toolchain/arm/arm-gnu-toolchain/bin/../lib/gcc/arm-none-eabi/6.3.1/thumb/v7e-m/crtbegin.o
__dso_handle                                      c:/program files (x86)/atmel/studio/7.0/toolchain/arm/arm-gnu-toolchain/bin/../lib/gcc/arm-none-eabi/6.3.1/thumb/v7e-m/crtbegin.o
__fini_array_end                                  c:/program files (x86)/atmel/studio/7.0/toolchain/arm/arm-gnu-toolchain/bin/../lib/gcc/arm-none-eabi/6.3.1/../../../../arm-none-eabi/lib/thumb/v7e-m\libc.a(lib_a-fini.o)
__fini_array_start                                c:/program files (x86)/atmel/studio/7.0/toolchain/arm/arm-gnu-toolchain/bin/../lib/gcc/arm-none-eabi/6.3.1/../../../../arm-none-eabi/lib/thumb/v7e-m\libc.a(lib_a-fini.o)
__init_array_end                                  c:/program files (x86)/atmel/studio/7.0/toolchain/arm/arm-gnu-toolchain/bin/../lib/gcc/arm-none-eabi/6.3.1/../../../../arm-none-eabi/lib/thumb/v7e-m\libc.a(lib_a-init.o)
__init_array_start                                c:/program files (x86)/atmel/studio/7.0/toolchain/arm/arm-gnu-toolchain/bin/../lib/gcc/arm-none-eabi/6.3.1/../../../../arm-none-eabi/lib/thumb/v7e-m\libc.a(lib_a-init.o)
__libc_fini                                       c:/program files (x86)/atmel/studio/7.0/toolchain/arm/arm-gnu-toolchain/bin/../lib/gcc/arm-none-eabi/6.3.1/../../../../arm-none-eabi/lib/thumb/v7e-m\libc.a(lib_a-__call_atexit.o)
__libc_fini_array                                 c:/program files (x86)/atmel/studio/7.0/toolchain/arm/arm-gnu-toolchain/bin/../lib/gcc/arm-none-eabi/6.3.1/../../../../arm-none-eabi/lib/thumb/v7e-m\libc.a(lib_a-fini.o)
                                                  c:/program files (x86)/atmel/studio/7.0/toolchain/arm/arm-gnu-toolchain/bin/../lib/gcc/arm-none-eabi/6.3.1/../../../../arm-none-eabi/lib/thumb/v7e-m\libc.a(lib_a-__call_atexit.o)
                                                  c:/program files (x86)/atmel/studio/7.0/toolchain/arm/arm-gnu-toolchain/bin/../lib/gcc/arm-none-eabi/6.3.1/../../../../arm-none-eabi/lib/thumb/v7e-m/crt0.o
__libc_init_array                                 c:/program files (x86)/atmel/studio/7.0/toolchain/arm/arm-gnu-toolchain/bin/../lib/gcc/arm-none-eabi/6.3.1/../../../../arm-none-eabi/lib/thumb/v7e-m\libc.a(lib_a-init.o)
                                                  src/ASF/sam/utils/cmsis/same70/source/templates/gcc/startup_same70.o
                                                  c:/program files (x86)/atmel/studio/7.0/toolchain/arm/arm-gnu-toolchain/bin/../lib/gcc/arm-none-eabi/6.3.1/../../../../arm-none-eabi/lib/thumb/v7e-m/crt0.o
__lock___arc4random_mutex                         c:/program files (x86)/atmel/studio/7.0/toolchain/arm/arm-gnu-toolchain/bin/../lib/gcc/arm-none-eabi/6.3.1/../../../../arm-none-eabi/lib/thumb/v7e-m\libc.a(lib_a-lock.o)
__lock___at_quick_exit_mutex                      c:/program files (x86)/atmel/studio/7.0/toolchain/arm/arm-gnu-toolchain/bin/../lib/gcc/arm-none-eabi/6.3.1/../../../../arm-none-eabi/lib/thumb/v7e-m\libc.a(lib_a-lock.o)
__lock___atexit_recursive_mutex                   c:/program files (x86)/atmel/studio/7.0/toolchain/arm/arm-gnu-toolchain/bin/../lib/gcc/arm-none-eabi/6.3.1/../../../../arm-none-eabi/lib/thumb/v7e-m\libc.a(lib_a-lock.o)
                                                  c:/program files (x86)/atmel/studio/7.0/toolchain/arm/arm-gnu-toolchain/bin/../lib/gcc/arm-none-eabi/6.3.1/../../../../arm-none-eabi/lib/thumb/v7e-m\libc.a(lib_a-__call_atexit.o)
__lock___dd_hash_mutex                            c:/program files (x86)/atmel/studio/7.0/toolchain/arm/arm-gnu-toolchain/bin/../lib/gcc/arm-none-eabi/6.3.1/../../../../arm-none-eabi/lib/thumb/v7e-m\libc.a(lib_a-lock.o)
__lock___env_recursive_mutex                      c:/program files (x86)/atmel/studio/7.0/toolchain/arm/arm-gnu-toolchain/bin/../lib/gcc/arm-none-eabi/6.3.1/../../../../arm-none-eabi/lib/thumb/v7e-m\libc.a(lib_a-lock.o)
__lock___malloc_recursive_mutex                   c:/program files (x86)/atmel/studio/7.0/toolchain/arm/arm-gnu-toolchain/bin/../lib/gcc/arm-none-eabi/6.3.1/../../../../arm-none-eabi/lib/thumb/v7e-m\libc.a(lib_a-lock.o)
__lock___sfp_recursive_mutex                      c:/program files (x86)/atmel/studio/7.0/toolchain/arm/arm-gnu-toolchain/bin/../lib/gcc/arm-none-eabi/6.3.1/../../../../arm-none-eabi/lib/thumb/v7e-m\libc.a(lib_a-lock.o)
__lock___sinit_recursive_mutex                    c:/program files (x86)/atmel/studio/7.0/toolchain/arm/arm-gnu-toolchain/bin/../lib/gcc/arm-none-eabi/6.3.1/../../../../arm-none-eabi/lib/thumb/v7e-m\libc.a(lib_a-lock.o)
__lock___tz_mutex                                 c:/program files (x86)/atmel/studio/7.0/toolchain/arm/arm-gnu-toolchain/bin/../lib/gcc/arm-none-eabi/6.3.1/../../../../arm-none-eabi/lib/thumb/v7e-m\libc.a(lib_a-lock.o)
__preinit_array_end                               c:/program files (x86)/atmel/studio/7.0/toolchain/arm/arm-gnu-toolchain/bin/../lib/gcc/arm-none-eabi/6.3.1/../../../../arm-none-eabi/lib/thumb/v7e-m\libc.a(lib_a-init.o)
__preinit_array_start                             c:/program files (x86)/atmel/studio/7.0/toolchain/arm/arm-gnu-toolchain/bin/../lib/gcc/arm-none-eabi/6.3.1/../../../../arm-none-eabi/lib/thumb/v7e-m\libc.a(lib_a-init.o)
__ram_end__                                       src/ASF/sam/utils/syscalls/gcc/syscalls.o
__register_exitproc                               c:/program files (x86)/atmel/studio/7.0/toolchain/arm/arm-gnu-toolchain/bin/../lib/gcc/arm-none-eabi/6.3.1/../../../../arm-none-eabi/lib/thumb/v7e-m\libc.a(lib_a-__atexit.o)
                                                  c:/program files (x86)/atmel/studio/7.0/toolchain/arm/arm-gnu-toolchain/bin/../lib/gcc/arm-none-eabi/6.3.1/../../../../arm-none-eabi/lib/thumb/v7e-m\libc.a(lib_a-atexit.o)
__register_frame_info                             c:/program files (x86)/atmel/studio/7.0/toolchain/arm/arm-gnu-toolchain/bin/../lib/gcc/arm-none-eabi/6.3.1/thumb/v7e-m/crtbegin.o
__retarget_lock_acquire                           c:/program files (x86)/atmel/studio/7.0/toolchain/arm/arm-gnu-toolchain/bin/../lib/gcc/arm-none-eabi/6.3.1/../../../../arm-none-eabi/lib/thumb/v7e-m\libc.a(lib_a-lock.o)
__retarget_lock_acquire_recursive                 c:/program files (x86)/atmel/studio/7.0/toolchain/arm/arm-gnu-toolchain/bin/../lib/gcc/arm-none-eabi/6.3.1/../../../../arm-none-eabi/lib/thumb/v7e-m\libc.a(lib_a-lock.o)
                                                  c:/program files (x86)/atmel/studio/7.0/toolchain/arm/arm-gnu-toolchain/bin/../lib/gcc/arm-none-eabi/6.3.1/../../../../arm-none-eabi/lib/thumb/v7e-m\libc.a(lib_a-__atexit.o)
                                                  c:/program files (x86)/atmel/studio/7.0/toolchain/arm/arm-gnu-toolchain/bin/../lib/gcc/arm-none-eabi/6.3.1/../../../../arm-none-eabi/lib/thumb/v7e-m\libc.a(lib_a-__call_atexit.o)
__retarget_lock_close                             c:/program files (x86)/atmel/studio/7.0/toolchain/arm/arm-gnu-toolchain/bin/../lib/gcc/arm-none-eabi/6.3.1/../../../../arm-none-eabi/lib/thumb/v7e-m\libc.a(lib_a-lock.o)
__retarget_lock_close_recursive                   c:/program files (x86)/atmel/studio/7.0/toolchain/arm/arm-gnu-toolchain/bin/../lib/gcc/arm-none-eabi/6.3.1/../../../../arm-none-eabi/lib/thumb/v7e-m\libc.a(lib_a-lock.o)
__retarget_lock_init                              c:/program files (x86)/atmel/studio/7.0/toolchain/arm/arm-gnu-toolchain/bin/../lib/gcc/arm-none-eabi/6.3.1/../../../../arm-none-eabi/lib/thumb/v7e-m\libc.a(lib_a-lock.o)
__retarget_lock_init_recursive                    c:/program files (x86)/atmel/studio/7.0/toolchain/arm/arm-gnu-toolchain/bin/../lib/gcc/arm-none-eabi/6.3.1/../../../../arm-none-eabi/lib/thumb/v7e-m\libc.a(lib_a-lock.o)
__retarget_lock_release                           c:/program files (x86)/atmel/studio/7.0/toolchain/arm/arm-gnu-toolchain/bin/../lib/gcc/arm-none-eabi/6.3.1/../../../../arm-none-eabi/lib/thumb/v7e-m\libc.a(lib_a-lock.o)
__retarget_lock_release_recursive                 c:/program files (x86)/atmel/studio/7.0/toolchain/arm/arm-gnu-toolchain/bin/../lib/gcc/arm-none-eabi/6.3.1/../../../../arm-none-eabi/lib/thumb/v7e-m\libc.a(lib_a-lock.o)
                                                  c:/program files (x86)/atmel/studio/7.0/toolchain/arm/arm-gnu-toolchain/bin/../lib/gcc/arm-none-eabi/6.3.1/../../../../arm-none-eabi/lib/thumb/v7e-m\libc.a(lib_a-__atexit.o)
                                                  c:/program files (x86)/atmel/studio/7.0/toolchain/arm/arm-gnu-toolchain/bin/../lib/gcc/arm-none-eabi/6.3.1/../../../../arm-none-eabi/lib/thumb/v7e-m\libc.a(lib_a-__call_atexit.o)
__retarget_lock_try_acquire                       c:/program files (x86)/atmel/studio/7.0/toolchain/arm/arm-gnu-toolchain/bin/../lib/gcc/arm-none-eabi/6.3.1/../../../../arm-none-eabi/lib/thumb/v7e-m\libc.a(lib_a-lock.o)
__retarget_lock_try_acquire_recursive             c:/program files (x86)/atmel/studio/7.0/toolchain/arm/arm-gnu-toolchain/bin/../lib/gcc/arm-none-eabi/6.3.1/../../../../arm-none-eabi/lib/thumb/v7e-m\libc.a(lib_a-lock.o)
__stack                                           c:/program files (x86)/atmel/studio/7.0/toolchain/arm/arm-gnu-toolchain/bin/../lib/gcc/arm-none-eabi/6.3.1/../../../../arm-none-eabi/lib/thumb/v7e-m/crt0.o
__udivmoddi4                                      c:/program files (x86)/atmel/studio/7.0/toolchain/arm/arm-gnu-toolchain/bin/../lib/gcc/arm-none-eabi/6.3.1/thumb/v7e-m\libgcc.a(_udivmoddi4.o)
                                                  c:/program files (x86)/atmel/studio/7.0/toolchain/arm/arm-gnu-toolchain/bin/../lib/gcc/arm-none-eabi/6.3.1/thumb/v7e-m\libgcc.a(_aeabi_uldivmod.o)
_close                                            src/ASF/sam/utils/syscalls/gcc/syscalls.o
_end                                              src/ASF/sam/utils/syscalls/gcc/syscalls.o
_erelocate                                        src/ASF/sam/utils/cmsis/same70/source/templates/gcc/startup_same70.o
_estack                                           src/ASF/sam/utils/cmsis/same70/source/templates/gcc/startup_same70.o
_etext                                            src/ASF/sam/utils/cmsis/same70/source/templates/gcc/startup_same70.o
_exit                                             src/ASF/sam/utils/syscalls/gcc/syscalls.o
                                                  c:/program files (x86)/atmel/studio/7.0/toolchain/arm/arm-gnu-toolchain/bin/../lib/gcc/arm-none-eabi/6.3.1/../../../../arm-none-eabi/lib/thumb/v7e-m\libc.a(lib_a-exit.o)
_ezero                                            src/ASF/sam/utils/cmsis/same70/source/templates/gcc/startup_same70.o
_fini                                             c:/program files (x86)/atmel/studio/7.0/toolchain/arm/arm-gnu-toolchain/bin/../lib/gcc/arm-none-eabi/6.3.1/thumb/v7e-m/crti.o
                                                  c:/program files (x86)/atmel/studio/7.0/toolchain/arm/arm-gnu-toolchain/bin/../lib/gcc/arm-none-eabi/6.3.1/../../../../arm-none-eabi/lib/thumb/v7e-m\libc.a(lib_a-fini.o)
_fstat                                            src/ASF/sam/utils/syscalls/gcc/syscalls.o
_getpid                                           src/ASF/sam/utils/syscalls/gcc/syscalls.o
_global_impure_ptr                                c:/program files (x86)/atmel/studio/7.0/toolchain/arm/arm-gnu-toolchain/bin/../lib/gcc/arm-none-eabi/6.3.1/../../../../arm-none-eabi/lib/thumb/v7e-m\libc.a(lib_a-impure.o)
                                                  c:/program files (x86)/atmel/studio/7.0/toolchain/arm/arm-gnu-toolchain/bin/../lib/gcc/arm-none-eabi/6.3.1/../../../../arm-none-eabi/lib/thumb/v7e-m\libc.a(lib_a-__atexit.o)
                                                  c:/program files (x86)/atmel/studio/7.0/toolchain/arm/arm-gnu-toolchain/bin/../lib/gcc/arm-none-eabi/6.3.1/../../../../arm-none-eabi/lib/thumb/v7e-m\libc.a(lib_a-__call_atexit.o)
                                                  c:/program files (x86)/atmel/studio/7.0/toolchain/arm/arm-gnu-toolchain/bin/../lib/gcc/arm-none-eabi/6.3.1/../../../../arm-none-eabi/lib/thumb/v7e-m\libc.a(lib_a-exit.o)
_impure_ptr                                       c:/program files (x86)/atmel/studio/7.0/toolchain/arm/arm-gnu-toolchain/bin/../lib/gcc/arm-none-eabi/6.3.1/../../../../arm-none-eabi/lib/thumb/v7e-m\libc.a(lib_a-impure.o)
_init                                             c:/program files (x86)/atmel/studio/7.0/toolchain/arm/arm-gnu-toolchain/bin/../lib/gcc/arm-none-eabi/6.3.1/thumb/v7e-m/crti.o
                                                  c:/program files (x86)/atmel/studio/7.0/toolchain/arm/arm-gnu-toolchain/bin/../lib/gcc/arm-none-eabi/6.3.1/../../../../arm-none-eabi/lib/thumb/v7e-m\libc.a(lib_a-init.o)
_isatty                                           src/ASF/sam/utils/syscalls/gcc/syscalls.o
_kill                                             src/ASF/sam/utils/syscalls/gcc/syscalls.o
_lseek                                            src/ASF/sam/utils/syscalls/gcc/syscalls.o
_mainCRTStartup                                   c:/program files (x86)/atmel/studio/7.0/toolchain/arm/arm-gnu-toolchain/bin/../lib/gcc/arm-none-eabi/6.3.1/../../../../arm-none-eabi/lib/thumb/v7e-m/crt0.o
_sbrk                                             src/ASF/sam/utils/syscalls/gcc/syscalls.o
_sfixed                                           src/ASF/sam/utils/cmsis/same70/source/templates/gcc/startup_same70.o
_srelocate                                        src/ASF/sam/utils/cmsis/same70/source/templates/gcc/startup_same70.o
_start                                            c:/program files (x86)/atmel/studio/7.0/toolchain/arm/arm-gnu-toolchain/bin/../lib/gcc/arm-none-eabi/6.3.1/../../../../arm-none-eabi/lib/thumb/v7e-m/crt0.o
_szero                                            src/ASF/sam/utils/cmsis/same70/source/templates/gcc/startup_same70.o
atexit                                            c:/program files (x86)/atmel/studio/7.0/toolchain/arm/arm-gnu-toolchain/bin/../lib/gcc/arm-none-eabi/6.3.1/../../../../arm-none-eabi/lib/thumb/v7e-m\libc.a(lib_a-atexit.o)
                                                  c:/program files (x86)/atmel/studio/7.0/toolchain/arm/arm-gnu-toolchain/bin/../lib/gcc/arm-none-eabi/6.3.1/../../../../arm-none-eabi/lib/thumb/v7e-m\libc.a(lib_a-__call_atexit.o)
                                                  c:/program files (x86)/atmel/studio/7.0/toolchain/arm/arm-gnu-toolchain/bin/../lib/gcc/arm-none-eabi/6.3.1/../../../../arm-none-eabi/lib/thumb/v7e-m/crt0.o
board_init                                        src/ASF/sam/boards/same70_xplained/init.o
                                                  src/main.o
but_flag_1                                        src/main.o
but_flag_2                                        src/main.o
but_flag_3                                        src/main.o
cpu_irq_enter_critical                            src/ASF/common/utils/interrupt/interrupt_sam_nvic.o
cpu_irq_leave_critical                            src/ASF/common/utils/interrupt/interrupt_sam_nvic.o
exception_table                                   src/ASF/sam/utils/cmsis/same70/source/templates/gcc/startup_same70.o
exit                                              c:/program files (x86)/atmel/studio/7.0/toolchain/arm/arm-gnu-toolchain/bin/../lib/gcc/arm-none-eabi/6.3.1/../../../../arm-none-eabi/lib/thumb/v7e-m\libc.a(lib_a-exit.o)
                                                  c:/program files (x86)/atmel/studio/7.0/toolchain/arm/arm-gnu-toolchain/bin/../lib/gcc/arm-none-eabi/6.3.1/../../../../arm-none-eabi/lib/thumb/v7e-m/crt0.o
f_rtt_alarme                                      src/main.o
free                                              c:/program files (x86)/atmel/studio/7.0/toolchain/arm/arm-gnu-toolchain/bin/../lib/gcc/arm-none-eabi/6.3.1/../../../../arm-none-eabi/lib/thumb/v7e-m\libc.a(lib_a-__call_atexit.o)